 main

 Timestamp is 642cd091 (Tue Apr  4 21:36:17 2023)

 Preferred load address is 0000000140000000

 Start         Length     Name                   Class
 0001:00000000 000118f0H .text$mn                CODE
 0001:000118f0 00000040H .text$mn$00             CODE
 0001:00011930 00000290H .text$x                 CODE
 0002:00000000 00000240H .idata$5                DATA
 0002:00000240 00000038H .00cfg                  DATA
 0002:00000278 00000008H .CRT$XCA                DATA
 0002:00000280 00000008H .CRT$XCAA               DATA
 0002:00000288 00000008H .CRT$XCZ                DATA
 0002:00000290 00000008H .CRT$XIA                DATA
 0002:00000298 00000008H .CRT$XIAA               DATA
 0002:000002a0 00000008H .CRT$XIAC               DATA
 0002:000002a8 00000020H .CRT$XIC                DATA
 0002:000002c8 00000008H .CRT$XIZ                DATA
 0002:000002d0 00000008H .CRT$XPA                DATA
 0002:000002d8 00000010H .CRT$XPX                DATA
 0002:000002e8 00000008H .CRT$XPXA               DATA
 0002:000002f0 00000008H .CRT$XPZ                DATA
 0002:000002f8 00000008H .CRT$XTA                DATA
 0002:00000300 00000010H .CRT$XTZ                DATA
 0002:00000308 00000000H .gehcont$y              DATA
 0002:00000308 00000000H .gfids$y                DATA
 0002:00000310 000083f0H .rdata                  DATA
 0002:00008700 00000000H .rdata$CastGuardVftablesA DATA
 0002:00008700 00000000H .rdata$CastGuardVftablesC DATA
 0002:00008700 00000000H .rdata$r                DATA
 0002:00008700 000000e0H .rdata$voltmd           DATA
 0002:000087e0 00000308H .rdata$zzzdbg           DATA
 0002:00008ae8 00000008H .rtc$IAA                DATA
 0002:00008af0 00000008H .rtc$IZZ                DATA
 0002:00008af8 00000008H .rtc$TAA                DATA
 0002:00008b00 00000008H .rtc$TZZ                DATA
 0002:00008b08 00000dc8H .xdata                  DATA
 0002:000098d0 00000000H .xdata$x                DATA
 0002:000098d0 00000000H .edata                  DATA
 0002:000098d0 00000014H .idata$2                DATA
 0002:000098e4 00000014H .idata$3                DATA
 0002:000098f8 00000240H .idata$4                DATA
 0002:00009b38 00000548H .idata$6                DATA
 0003:00000000 00000b50H .data                   DATA
 0003:00000b50 00000000H .data$r                 DATA
 0003:00000b50 00000000H .data$rs                DATA
 0003:00000b50 000011e0H .bss                    DATA
 0004:00000000 00001074H .pdata                  DATA
 0005:00000000 0000015cH _RDATA                  DATA

  Address         Publics by Value              Rva+Base               Lib:Object

 0000:00000000       __guard_longjmp_table      0000000000000000     <absolute>
 0000:00000000       ___safe_se_handler_table   0000000000000000     <absolute>
 0000:00000000       __x64_code_ranges_to_entry_points_count 0000000000000000     <absolute>
 0000:00000000       __guard_fids_count         0000000000000000     <absolute>
 0000:00000000       __arm64x_redirection_metadata 0000000000000000     <absolute>
 0000:00000000       __arm64x_extra_rfe_table   0000000000000000     <absolute>
 0000:00000000       __guard_iat_table          0000000000000000     <absolute>
 0000:00000000       __hybrid_code_map          0000000000000000     <absolute>
 0000:00000000       __arm64x_extra_rfe_table_size 0000000000000000     <absolute>
 0000:00000000       __guard_iat_count          0000000000000000     <absolute>
 0000:00000000       __guard_longjmp_count      0000000000000000     <absolute>
 0000:00000000       ___safe_se_handler_count   0000000000000000     <absolute>
 0000:00000000       __dynamic_value_reloc_table 0000000000000000     <absolute>
 0000:00000000       __hybrid_auxiliary_iat     0000000000000000     <absolute>
 0000:00000000       __hybrid_auxiliary_iat_copy 0000000000000000     <absolute>
 0000:00000000       __AbsoluteZero             0000000000000000     <absolute>
 0000:00000000       __guard_eh_cont_count      0000000000000000     <absolute>
 0000:00000000       __guard_check_icall_a64n_fptr 0000000000000000     <absolute>
 0000:00000000       __guard_fids_table         0000000000000000     <absolute>
 0000:00000000       __arm64x_redirection_metadata_count 0000000000000000     <absolute>
 0000:00000000       __enclave_config           0000000000000000     <absolute>
 0000:00000000       __guard_eh_cont_table      0000000000000000     <absolute>
 0000:00000000       __arm64x_native_entrypoint 0000000000000000     <absolute>
 0000:00000000       __hybrid_code_map_count    0000000000000000     <absolute>
 0000:00000000       __x64_code_ranges_to_entry_points 0000000000000000     <absolute>
 0000:00000100       __guard_flags              0000000000000100     <absolute>
 0000:00000000       __ImageBase                0000000140000000     <linker-defined>
 0001:00000000       main                       0000000140001000 f   main.obj
 0001:000002b0       MakeSelection              00000001400012b0 f   make_selection.obj
 0001:000004b0       __local_stdio_printf_options 00000001400014b0 f i make_selection.obj
 0001:000004c0       _vfprintf_l                00000001400014c0 f i make_selection.obj
 0001:00000510       printf                     0000000140001510 f i make_selection.obj
 0001:00000568       __GSHandlerCheck           0000000140001568 f   LIBCMT:gshandler.obj
 0001:00000588       __GSHandlerCheckCommon     0000000140001588 f   LIBCMT:gshandler.obj
 0001:00000600       __security_check_cookie    0000000140001600 f   LIBCMT:amdsecgs.obj
 0001:00000880       mainCRTStartup             0000000140001880 f   LIBCMT:exe_main.obj
 0001:00000894       __raise_securityfailure    0000000140001894 f   LIBCMT:gs_report.obj
 0001:000008c8       __report_gsfailure         00000001400018c8 f   LIBCMT:gs_report.obj
 0001:0000099c       __report_rangecheckfailure 000000014000199c f   LIBCMT:gs_report.obj
 0001:000009b0       __report_securityfailure   00000001400019b0 f   LIBCMT:gs_report.obj
 0001:00000b30       __scrt_acquire_startup_lock 0000000140001b30 f   LIBCMT:utility.obj
 0001:00000b6c       __scrt_initialize_crt      0000000140001b6c f   LIBCMT:utility.obj
 0001:00000bb8       __scrt_initialize_onexit_tables 0000000140001bb8 f   LIBCMT:utility.obj
 0001:00000c44       __scrt_is_nonwritable_in_current_image 0000000140001c44 f   LIBCMT:utility.obj
 0001:00000cdc       __scrt_release_startup_lock 0000000140001cdc f   LIBCMT:utility.obj
 0001:00000d00       __scrt_uninitialize_crt    0000000140001d00 f   LIBCMT:utility.obj
 0001:00000d2c       _onexit                    0000000140001d2c f   LIBCMT:utility.obj
 0001:00000d68       atexit                     0000000140001d68 f   LIBCMT:utility.obj
 0001:00000d80       __security_init_cookie     0000000140001d80 f   LIBCMT:gs_support.obj
 0001:00000e2c       _matherr                   0000000140001e2c f   LIBCMT:matherr.obj
 0001:00000e2c       _get_startup_thread_locale_mode 0000000140001e2c f   LIBCMT:thread_locale.obj
 0001:00000e2c       __scrt_stub_for_initialize_mta 0000000140001e2c f   LIBCMT:utility_desktop.obj
 0001:00000e2c       _get_startup_commit_mode   0000000140001e2c f   LIBCMT:commit_mode.obj
 0001:00000e2c       __scrt_initialize_winrt    0000000140001e2c f   LIBCMT:utility_desktop.obj
 0001:00000e2c       __scrt_exe_initialize_mta  0000000140001e2c f   LIBCMT:utility_desktop.obj
 0001:00000e2c       _get_startup_new_mode      0000000140001e2c f   LIBCMT:new_mode.obj
 0001:00000e30       _get_startup_argv_mode     0000000140001e30 f   LIBCMT:argv_mode.obj
 0001:00000e38       _get_startup_file_mode     0000000140001e38 f   LIBCMT:file_mode.obj
 0001:00000e40       ?__scrt_initialize_type_info@@YAXXZ 0000000140001e40 f   LIBCMT:tncleanup.obj
 0001:00000e50       __acrt_uninitialize_command_line 0000000140001e50 f   libucrt:argv_data.obj
 0001:00000e50       _should_initialize_environment 0000000140001e50 f   LIBCMT:env_mode.obj
 0001:00000e54       _initialize_denormal_control 0000000140001e54 f   LIBCMT:denormal_control.obj
 0001:00000e54       _initialize_invalid_parameter_handler 0000000140001e54 f   LIBCMT:invalid_parameter_handler.obj
 0001:00000e54       _guard_check_icall_nop     0000000140001e54 f   LIBCMT:guard_support.obj
 0001:00000e58       __local_stdio_scanf_options 0000000140001e58 f i LIBCMT:default_local_stdio_options.obj
 0001:00000e60       __scrt_initialize_default_local_stdio_options 0000000140001e60 f   LIBCMT:default_local_stdio_options.obj
 0001:00000e7c       __scrt_is_user_matherr_present 0000000140001e7c f   LIBCMT:matherr_detection.obj
 0001:00000e88       __scrt_get_dyn_tls_init_callback 0000000140001e88 f   LIBCMT:dyn_tls_init.obj
 0001:00000e90       __scrt_get_dyn_tls_dtor_callback 0000000140001e90 f   LIBCMT:dyn_tls_dtor.obj
 0001:00000e98       __crt_debugger_hook        0000000140001e98 f   LIBCMT:utility_desktop.obj
 0001:00000ea0       __scrt_fastfail            0000000140001ea0 f   LIBCMT:utility_desktop.obj
 0001:00000fec       __scrt_initialize_mta      0000000140001fec f   LIBCMT:utility_desktop.obj
 0001:00000ff4       __scrt_is_managed_app      0000000140001ff4 f   LIBCMT:utility_desktop.obj
 0001:00001048       __scrt_set_unhandled_exception_filter 0000000140002048 f   LIBCMT:utility_desktop.obj
 0001:00001058       __scrt_unhandled_exception_filter 0000000140002058 f   LIBCMT:utility_desktop.obj
 0001:000010b4       _RTC_Initialize            00000001400020b4 f   LIBCMT:initsect.obj
 0001:000010f0       _RTC_Terminate             00000001400020f0 f   LIBCMT:initsect.obj
 0001:0000112c       __isa_available_init       000000014000212c f   LIBCMT:cpu_disp.obj
 0001:000012d8       __scrt_is_ucrt_dll_in_use  00000001400022d8 f   LIBCMT:ucrt_detection.obj
 0001:000012f0       __C_specific_handler       00000001400022f0 f   libvcruntime:riscchandler.obj
 0001:000014e8       __vcrt_initialize          00000001400024e8 f   libvcruntime:initialization.obj
 0001:00001510       __vcrt_uninitialize        0000000140002510 f   libvcruntime:initialization.obj
 0001:0000152c       __DestructExceptionObject  000000014000252c f   libvcruntime:ehhelpers.obj
 0001:0000159c       ?_CallMemberFunction0@@YAXQEAX0@Z 000000014000259c f i libvcruntime:ehhelpers.obj
 0001:000015a0       __current_exception        00000001400025a0 f   libvcruntime:ehhelpers.obj
 0001:000015b4       __current_exception_context 00000001400025b4 f   libvcruntime:ehhelpers.obj
 0001:000015e0       memset_repstos             00000001400025e0 f   libvcruntime:memset.obj
 0001:00001600       memset                     0000000140002600 f   libvcruntime:memset.obj
 0001:000019a0       _NLG_Notify                00000001400029a0 f   libvcruntime:notify.obj
 0001:000019c0       __NLG_Dispatch2            00000001400029c0 f   libvcruntime:notify.obj
 0001:000019d0       __NLG_Return2              00000001400029d0 f   libvcruntime:notify.obj
 0001:000019d4       __except_validate_context_record 00000001400029d4 f   libvcruntime:jbcxrval.obj
 0001:00001a0c       __vcrt_freefls             0000000140002a0c f   libvcruntime:per_thread_data.obj
 0001:00001a2c       __vcrt_getptd              0000000140002a2c f   libvcruntime:per_thread_data.obj
 0001:00001a48       __vcrt_getptd_noexit       0000000140002a48 f   libvcruntime:per_thread_data.obj
 0001:00001b08       __vcrt_initialize_ptd      0000000140002b08 f   libvcruntime:per_thread_data.obj
 0001:00001b50       __vcrt_uninitialize_ptd    0000000140002b50 f   libvcruntime:per_thread_data.obj
 0001:00001b74       __vcrt_initialize_locks    0000000140002b74 f   libvcruntime:locks.obj
 0001:00001bbc       __vcrt_uninitialize_locks  0000000140002bbc f   libvcruntime:locks.obj
 0001:00001d44       __vcrt_FlsAlloc            0000000140002d44 f   libvcruntime:winapi_downlevel.obj
 0001:00001d8c       __vcrt_FlsFree             0000000140002d8c f   libvcruntime:winapi_downlevel.obj
 0001:00001dd4       __vcrt_FlsGetValue         0000000140002dd4 f   libvcruntime:winapi_downlevel.obj
 0001:00001e1c       __vcrt_FlsSetValue         0000000140002e1c f   libvcruntime:winapi_downlevel.obj
 0001:00001e70       __vcrt_InitializeCriticalSectionEx 0000000140002e70 f   libvcruntime:winapi_downlevel.obj
 0001:00001ef0       memcpy_repmovs             0000000140002ef0 f   libvcruntime:memcpy.obj
 0001:00001f10       memmove                    0000000140002f10 f   libvcruntime:memcpy.obj
 0001:00001f10       memcpy                     0000000140002f10 f   libvcruntime:memcpy.obj
 0001:000025a0       _CallSettingFrame          00000001400035a0 f   libvcruntime:handlers.obj
 0001:000025f0       _CallSettingFrame_LookupContinuationIndex 00000001400035f0 f   libvcruntime:handlers.obj
 0001:00002620       _CallSettingFrame_NotifyContinuationAddr 0000000140003620 f   libvcruntime:handlers.obj
 0001:00002650       _CallSettingFrameEncoded   0000000140003650 f   libvcruntime:handlers.obj
 0001:00002698       __acrt_initialize_stdio    0000000140003698 f   libucrt:_file.obj
 0001:000027b8       __acrt_iob_func            00000001400037b8 f   libucrt:_file.obj
 0001:000027cc       __acrt_uninitialize_stdio  00000001400037cc f   libucrt:_file.obj
 0001:00002828       _lock_file                 0000000140003828 f   libucrt:_file.obj
 0001:00002834       _unlock_file               0000000140003834 f   libucrt:_file.obj
 0001:00002880       ??$ensure_buffer_is_big_enough@D@formatting_buffer@__crt_stdio_output@@QEAA_N_K@Z 0000000140003880 f i libucrt:output.obj
 0001:00002928       ??$type_case_integer_parse_into_buffer@I@?$output_processor@DV?$stream_output_adapter@D@__crt_stdio_output@@V?$standard_base@DV?$stream_output_adapter@D@__crt_stdio_output@@@2@@__crt_stdio_output@@AEAAXII_N@Z 0000000140003928 f i libucrt:output.obj
 0001:000029b0       ??$type_case_integer_parse_into_buffer@_K@?$output_processor@DV?$stream_output_adapter@D@__crt_stdio_output@@V?$standard_base@DV?$stream_output_adapter@D@__crt_stdio_output@@@2@@__crt_stdio_output@@AEAAX_KI_N@Z 00000001400039b0 f i libucrt:output.obj
 0001:00002a40       ??$write_multiple_characters@V?$stream_output_adapter@D@__crt_stdio_output@@D@__crt_stdio_output@@YAXAEBV?$stream_output_adapter@D@0@DHQEAH@Z 0000000140003a40 f i libucrt:output.obj
 0001:00002acc       ??0_LocaleUpdate@@QEAA@QEAU__crt_locale_pointers@@@Z 0000000140003acc f i libucrt:output.obj
 0001:00002ca0       ?crop_zeroes@__crt_stdio_output@@YAXPEADQEAU__crt_locale_pointers@@@Z 0000000140003ca0 f i libucrt:output.obj
 0001:00002d40       ?force_decimal_point@__crt_stdio_output@@YAXPEADQEAU__crt_locale_pointers@@@Z 0000000140003d40 f i libucrt:output.obj
 0001:00002db8       ?parse_int_from_format_string@?$output_processor@DV?$stream_output_adapter@D@__crt_stdio_output@@V?$standard_base@DV?$stream_output_adapter@D@__crt_stdio_output@@@2@@__crt_stdio_output@@AEAA_NQEAH@Z 0000000140003db8 f i libucrt:output.obj
 0001:00002e5c       ?process@?$output_processor@DV?$stream_output_adapter@D@__crt_stdio_output@@V?$standard_base@DV?$stream_output_adapter@D@__crt_stdio_output@@@2@@__crt_stdio_output@@QEAAHXZ 0000000140003e5c f i libucrt:output.obj
 0001:00003070       ?state_case_normal@?$output_processor@DV?$stream_output_adapter@D@__crt_stdio_output@@V?$standard_base@DV?$stream_output_adapter@D@__crt_stdio_output@@@2@@__crt_stdio_output@@AEAA_NXZ 0000000140004070 f i libucrt:output.obj
 0001:000030e0       ?state_case_normal_tchar@?$output_processor@DV?$stream_output_adapter@D@__crt_stdio_output@@V?$standard_base@DV?$stream_output_adapter@D@__crt_stdio_output@@@2@@__crt_stdio_output@@AEAA_ND@Z 00000001400040e0 f i libucrt:output.obj
 0001:00003184       ?state_case_size@?$output_processor@DV?$stream_output_adapter@D@__crt_stdio_output@@V?$standard_base@DV?$stream_output_adapter@D@__crt_stdio_output@@@2@@__crt_stdio_output@@AEAA_NXZ 0000000140004184 f i libucrt:output.obj
 0001:000032f4       ?state_case_type@?$output_processor@DV?$stream_output_adapter@D@__crt_stdio_output@@V?$standard_base@DV?$stream_output_adapter@D@__crt_stdio_output@@@2@@__crt_stdio_output@@AEAA_NXZ 00000001400042f4 f i libucrt:output.obj
 0001:00003580       ?to_integer_size@__crt_stdio_output@@YA_KW4length_modifier@1@@Z 0000000140004580 f i libucrt:output.obj
 0001:000035e8       ?type_case_Z@?$output_processor@DV?$stream_output_adapter@D@__crt_stdio_output@@V?$standard_base@DV?$stream_output_adapter@D@__crt_stdio_output@@@2@@__crt_stdio_output@@AEAA_NXZ 00000001400045e8 f i libucrt:output.obj
 0001:0000365c       ?type_case_a@?$output_processor@DV?$stream_output_adapter@D@__crt_stdio_output@@V?$standard_base@DV?$stream_output_adapter@D@__crt_stdio_output@@@2@@__crt_stdio_output@@AEAA_NXZ 000000014000465c f i libucrt:output.obj
 0001:00003818       ?type_case_c_tchar@?$output_processor@DV?$stream_output_adapter@D@__crt_stdio_output@@V?$standard_base@DV?$stream_output_adapter@D@__crt_stdio_output@@@2@@__crt_stdio_output@@AEAA_ND@Z 0000000140004818 f i libucrt:output.obj
 0001:000038e0       ?type_case_integer@?$output_processor@DV?$stream_output_adapter@D@__crt_stdio_output@@V?$standard_base@DV?$stream_output_adapter@D@__crt_stdio_output@@@2@@__crt_stdio_output@@AEAA_NI_N@Z 00000001400048e0 f i libucrt:output.obj
 0001:00003a60       ?type_case_n@?$output_processor@DV?$stream_output_adapter@D@__crt_stdio_output@@V?$standard_base@DV?$stream_output_adapter@D@__crt_stdio_output@@@2@@__crt_stdio_output@@AEAA_NXZ 0000000140004a60 f i libucrt:output.obj
 0001:00003ae8       ?type_case_s@?$output_processor@DV?$stream_output_adapter@D@__crt_stdio_output@@V?$standard_base@DV?$stream_output_adapter@D@__crt_stdio_output@@@2@@__crt_stdio_output@@AEAA_NXZ 0000000140004ae8 f i libucrt:output.obj
 0001:00003b80       ?validate_stream_is_ansi_if_required@?$__acrt_stdio_char_traits@D@@SA_NQEAU_iobuf@@@Z 0000000140004b80 f i libucrt:output.obj
 0001:00003c1c       ?write_stored_string_tchar@?$output_processor@DV?$stream_output_adapter@D@__crt_stdio_output@@V?$standard_base@DV?$stream_output_adapter@D@__crt_stdio_output@@@2@@__crt_stdio_output@@AEAA_ND@Z 0000000140004c1c f i libucrt:output.obj
 0001:00003d40       ?write_string_impl@?$output_adapter_common@DV?$stream_output_adapter@D@__crt_stdio_output@@@__crt_stdio_output@@IEBAXQEBDHQEAHAEAV__crt_deferred_errno_cache@@@Z 0000000140004d40 f i libucrt:output.obj
 0001:00003e38       __stdio_common_vfprintf    0000000140004e38 f   libucrt:output.obj
 0001:00003ec4       _seh_filter_exe            0000000140004ec4 f   libucrt:exception_filter.obj
 0001:00004048       _query_app_type            0000000140005048 f   libucrt:report_runtime_error.obj
 0001:00004050       _set_app_type              0000000140005050 f   libucrt:report_runtime_error.obj
 0001:00004058       __acrt_has_user_matherr    0000000140005058 f   libucrt:matherr.obj
 0001:00004078       __acrt_initialize_user_matherr 0000000140005078 f   libucrt:matherr.obj
 0001:00004080       __acrt_invoke_user_matherr 0000000140005080 f   libucrt:matherr.obj
 0001:000040b0       __setusermatherr           00000001400050b0 f   libucrt:matherr.obj
 0001:00004298       __acrt_allocate_buffer_for_argv 0000000140005298 f   libucrt:argv_parsing.obj
 0001:000042f8       _configure_narrow_argv     00000001400052f8 f   libucrt:argv_parsing.obj
 0001:00004744       __dcrt_get_or_create_narrow_environment_nolock 0000000140005744 f   libucrt:environment_initialization.obj
 0001:00004780       __dcrt_uninitialize_environments_nolock 0000000140005780 f   libucrt:environment_initialization.obj
 0001:000047b8       _get_initial_narrow_environment 00000001400057b8 f   libucrt:environment_initialization.obj
 0001:00004808       _initialize_narrow_environment 0000000140005808 f   libucrt:environment_initialization.obj
 0001:00004810       _initterm                  0000000140005810 f   libucrt:initterm.obj
 0001:00004874       _initterm_e                0000000140005874 f   libucrt:initterm.obj
 0001:00004b20       __acrt_initialize_thread_local_exit_callback 0000000140005b20 f   libucrt:exit.obj
 0001:00004b28       _c_exit                    0000000140005b28 f   libucrt:exit.obj
 0001:00004b38       _cexit                     0000000140005b38 f   libucrt:exit.obj
 0001:00004b48       _exit                      0000000140005b48 f   libucrt:exit.obj
 0001:00004b54       _register_thread_local_exe_atexit_callback 0000000140005b54 f   libucrt:exit.obj
 0001:00004b90       exit                       0000000140005b90 f   libucrt:exit.obj
 0001:00004b9c       _set_fmode                 0000000140005b9c f   libucrt:setmode.obj
 0001:00004bdc       __acrt_initialize_command_line 0000000140005bdc f   libucrt:argv_data.obj
 0001:00004c04       __p___argc                 0000000140005c04 f   libucrt:argv_data.obj
 0001:00004c0c       __p___argv                 0000000140005c0c f   libucrt:argv_data.obj
 0001:00004c84       __acrt_set_locale_changed  0000000140005c84 f   libucrt:wsetlocale.obj
 0001:00004c90       __acrt_uninitialize_locale 0000000140005c90 f   libucrt:wsetlocale.obj
 0001:00004cc0       _configthreadlocale        0000000140005cc0 f   libucrt:wsetlocale.obj
 0001:00004d2c       _query_new_mode            0000000140005d2c f   libucrt:new_mode.obj
 0001:00004d34       _set_new_mode              0000000140005d34 f   libucrt:new_mode.obj
 0001:00004d60       __p__commode               0000000140005d60 f   libucrt:ncommode.obj
 0001:000050a8       _crt_atexit                00000001400060a8 f   libucrt:onexit.obj
 0001:000050b8       _execute_onexit_table      00000001400060b8 f   libucrt:onexit.obj
 0001:000050f4       _initialize_onexit_table   00000001400060f4 f   libucrt:onexit.obj
 0001:0000511c       _register_onexit_function  000000014000611c f   libucrt:onexit.obj
 0001:00005290       __acrt_initialize          0000000140006290 f   libucrt:initialization.obj
 0001:000052a4       __acrt_uninitialize        00000001400062a4 f   libucrt:initialization.obj
 0001:000052dc       terminate                  00000001400062dc f   libucrt:terminate.obj
 0001:000052fc       free                       00000001400062fc f   libucrt:free.obj
 0001:00005310       strcpy_s                   0000000140006310 f   libucrt:strcpy_s.obj
 0001:00005370       abort                      0000000140006370 f   libucrt:abort.obj
 0001:000053c8       calloc                     00000001400063c8 f   libucrt:calloc.obj
 0001:000053d0       ??$parse_integer@KV?$c_string_character_source@D@__crt_strtox@@@__crt_strtox@@YAKQEAU__crt_locale_pointers@@V?$c_string_character_source@D@0@H_N@Z 00000001400063d0 f i libucrt:atox.obj
 0001:000056d4       _ischartype_l              00000001400066d4 f i libucrt:atox.obj
 0001:00005760       strncmp                    0000000140006760 f   libucrt:strncmp.obj
 0001:000057e0       wcsncmp                    00000001400067e0 f   libucrt:wcsncmp.obj
 0001:0000580c       __acrt_call_reportfault    000000014000680c f   libucrt:invalid_parameter.obj
 0001:00005968       __acrt_initialize_invalid_parameter_handler 0000000140006968 f   libucrt:invalid_parameter.obj
 0001:00005970       _invalid_parameter         0000000140006970 f   libucrt:invalid_parameter.obj
 0001:00005a20       _invalid_parameter_noinfo  0000000140006a20 f   libucrt:invalid_parameter.obj
 0001:00005a40       _invoke_watson             0000000140006a40 f   libucrt:invalid_parameter.obj
 0001:00005a88       __acrt_errno_from_os_error 0000000140006a88 f   libucrt:errno.obj
 0001:00005ad0       __acrt_errno_map_os_error  0000000140006ad0 f   libucrt:errno.obj
 0001:00005b20       __doserrno                 0000000140006b20 f   libucrt:errno.obj
 0001:00005b40       _errno                     0000000140006b40 f   libucrt:errno.obj
 0001:00005b60       _calloc_base               0000000140006b60 f   libucrt:calloc_base.obj
 0001:00005bd8       _free_base                 0000000140006bd8 f   libucrt:free_base.obj
 0001:00005df0       __acrt_AppPolicyGetProcessTerminationMethodInternal 0000000140006df0 f   libucrt:winapi_thunks.obj
 0001:00005e40       __acrt_AreFileApisANSI     0000000140006e40 f   libucrt:winapi_thunks.obj
 0001:00005e7c       __acrt_CompareStringEx     0000000140006e7c f   libucrt:winapi_thunks.obj
 0001:00005f58       __acrt_FlsAlloc            0000000140006f58 f   libucrt:winapi_thunks.obj
 0001:00005fa0       __acrt_FlsFree             0000000140006fa0 f   libucrt:winapi_thunks.obj
 0001:00005fe8       __acrt_FlsGetValue         0000000140006fe8 f   libucrt:winapi_thunks.obj
 0001:00006030       __acrt_FlsSetValue         0000000140007030 f   libucrt:winapi_thunks.obj
 0001:00006084       __acrt_InitializeCriticalSectionEx 0000000140007084 f   libucrt:winapi_thunks.obj
 0001:000060e8       __acrt_LCMapStringEx       00000001400070e8 f   libucrt:winapi_thunks.obj
 0001:000061c4       __acrt_LocaleNameToLCID    00000001400071c4 f   libucrt:winapi_thunks.obj
 0001:00006214       __acrt_initialize_winapi_thunks 0000000140007214 f   libucrt:winapi_thunks.obj
 0001:00006248       __acrt_uninitialize_winapi_thunks 0000000140007248 f   libucrt:winapi_thunks.obj
 0001:0000628c       _fcloseall                 000000014000728c f   libucrt:closeall.obj
 0001:0000651c       __acrt_stdio_flush_nolock  000000014000751c f   libucrt:fflush.obj
 0001:00006598       _fflush_nolock             0000000140007598 f   libucrt:fflush.obj
 0001:000065e4       _flushall                  00000001400075e4 f   libucrt:fflush.obj
 0001:000065ec       __acrt_stdio_free_buffer_nolock 00000001400075ec f   libucrt:_freebuf.obj
 0001:00006828       __acrt_initialize_lowio    0000000140007828 f   libucrt:ioinit.obj
 0001:00006864       __acrt_uninitialize_lowio  0000000140007864 f   libucrt:ioinit.obj
 0001:000068a4       _malloc_base               00000001400078a4 f   libucrt:malloc_base.obj
 0001:00006904       strtol                     0000000140007904 f   libucrt:strtox.obj
 0001:00006930       _mbtowc_l                  0000000140007930 f   libucrt:mbtowc.obj
 0001:00006ab0       mbtowc                     0000000140007ab0 f   libucrt:mbtowc.obj
 0001:00006ab8       _wctomb_s_l                0000000140007ab8 f   libucrt:wctomb.obj
 0001:00006c54       strnlen                    0000000140007c54 f   libucrt:strnlen.obj
 0001:00006da4       wcsnlen                    0000000140007da4 f   libucrt:strnlen.obj
 0001:000072f4       __acrt_getptd              00000001400082f4 f   libucrt:per_thread_data.obj
 0001:000073c8       __acrt_getptd_head         00000001400083c8 f   libucrt:per_thread_data.obj
 0001:00007470       __acrt_getptd_noexit       0000000140008470 f   libucrt:per_thread_data.obj
 0001:0000753c       __acrt_initialize_ptd      000000014000853c f   libucrt:per_thread_data.obj
 0001:00007578       __acrt_uninitialize_ptd    0000000140008578 f   libucrt:per_thread_data.obj
 0001:0000759c       __acrt_update_locale_info  000000014000859c f   libucrt:locale_update.obj
 0001:000075d0       __acrt_update_multibyte_info 00000001400085d0 f   libucrt:locale_update.obj
 0001:00008010       __acrt_fp_format           0000000140009010 f   libucrt:cvt.obj
 0001:00008348       _fileno                    0000000140009348 f   libucrt:fileno.obj
 0001:00008370       _fputc_nolock              0000000140009370 f   libucrt:fputc.obj
 0001:00008388       _get_printf_count_output   0000000140009388 f   libucrt:printf_count_output.obj
 0001:000083a0       __acrt_should_use_temporary_buffer 00000001400093a0 f   libucrt:_sftbuf.obj
 0001:000083e8       __acrt_stdio_begin_temporary_buffering_nolock 00000001400093e8 f   libucrt:_sftbuf.obj
 0001:000084b0       __acrt_stdio_end_temporary_buffering_nolock 00000001400094b0 f   libucrt:_sftbuf.obj
 0001:00008500       ??$__acrt_mbs_to_wcs_cp@U__crt_win32_buffer_internal_dynamic_resizing@@@@YAHQEBDAEAV?$__crt_win32_buffer@_WU__crt_win32_buffer_internal_dynamic_resizing@@@@I@Z 0000000140009500 f i libucrt:argv_wildcards.obj
 0001:00008678       ??$__acrt_wcs_to_mbs_cp@U__crt_win32_buffer_internal_dynamic_resizing@@@@YAHQEB_WAEAV?$__crt_win32_buffer@DU__crt_win32_buffer_internal_dynamic_resizing@@@@I@Z 0000000140009678 f i libucrt:argv_wildcards.obj
 0001:00008ea8       __acrt_expand_narrow_argv_wildcards 0000000140009ea8 f   libucrt:argv_wildcards.obj
 0001:00008eb0       ??$__acrt_wcs_to_mbs_cp@U__crt_win32_buffer_no_resizing@@@@YAHQEB_WAEAV?$__crt_win32_buffer@DU__crt_win32_buffer_no_resizing@@@@I@Z 0000000140009eb0 f i libucrt:getmodulefilenamea.obj
 0001:00008fc4       __acrt_GetModuleFileNameA  0000000140009fc4 f   libucrt:getmodulefilenamea.obj
 0001:0000980c       __acrt_initialize_multibyte 000000014000a80c f   libucrt:mbctype.obj
 0001:0000986c       __acrt_update_thread_multibyte_data 000000014000a86c f   libucrt:mbctype.obj
 0001:00009888       _setmbcp_nolock            000000014000a888 f   libucrt:mbctype.obj
 0001:00009bbc       _ismbblead                 000000014000abbc f   libucrt:ismbbyte.obj
 0001:00009bd0       __acrt_MultiByteToWideChar 000000014000abd0 f   libucrt:multibytetowidechar.obj
 0001:00009c2c       __acrt_WideCharToMultiByte 000000014000ac2c f   libucrt:widechartomultibyte.obj
 0001:00009cdc       __dcrt_get_narrow_environment_from_os 000000014000acdc f   libucrt:get_environment_from_os.obj
 0001:0000a1e8       __dcrt_set_variable_in_narrow_environment_nolock 000000014000b1e8 f   libucrt:setenv.obj
 0001:0000a1f0       __acrt_initialize_locks    000000014000b1f0 f   libucrt:locks.obj
 0001:0000a238       __acrt_lock                000000014000b238 f   libucrt:locks.obj
 0001:0000a254       __acrt_uninitialize_locks  000000014000b254 f   libucrt:locks.obj
 0001:0000a28c       __acrt_unlock              000000014000b28c f   libucrt:locks.obj
 0001:0000a2a8       __acrt_get_process_end_policy 000000014000b2a8 f   libucrt:win_policies.obj
 0001:0000a2e4       __acrt_lowio_create_handle_array 000000014000b2e4 f   libucrt:osfinfo.obj
 0001:0000a38c       __acrt_lowio_destroy_handle_array 000000014000b38c f   libucrt:osfinfo.obj
 0001:0000a3dc       __acrt_lowio_ensure_fh_exists 000000014000b3dc f   libucrt:osfinfo.obj
 0001:0000a484       __acrt_lowio_lock_fh       000000014000b484 f   libucrt:osfinfo.obj
 0001:0000a4ac       __acrt_lowio_unlock_fh     000000014000b4ac f   libucrt:osfinfo.obj
 0001:0000a4d4       _free_osfhnd               000000014000b4d4 f   libucrt:osfinfo.obj
 0001:0000a590       _get_osfhandle             000000014000b590 f   libucrt:osfinfo.obj
 0001:0000a608       __acrt_initialize_fmode    000000014000b608 f   libucrt:txtmode.obj
 0001:0000a624       __acrt_locale_free_monetary 000000014000b624 f   libucrt:initmon.obj
 0001:0000a730       __acrt_locale_free_numeric 000000014000b730 f   libucrt:initnum.obj
 0001:0000a7f4       __acrt_locale_free_time    000000014000b7f4 f   libucrt:inittime.obj
 0001:0000a8fc       __pctype_func              000000014000b8fc f   libucrt:ctype.obj
 0001:0000a92c       __acrt_GetStringTypeA      000000014000b92c f   libucrt:getstringtypea.obj
 0001:0000aabc       __acrt_add_locale_ref      000000014000babc f   libucrt:locale_refcounting.obj
 0001:0000ab48       __acrt_free_locale         000000014000bb48 f   libucrt:locale_refcounting.obj
 0001:0000acc0       __acrt_locale_add_lc_time_reference 000000014000bcc0 f   libucrt:locale_refcounting.obj
 0001:0000ace8       __acrt_locale_free_lc_time_if_unreferenced 000000014000bce8 f   libucrt:locale_refcounting.obj
 0001:0000ad20       __acrt_locale_release_lc_time_reference 000000014000bd20 f   libucrt:locale_refcounting.obj
 0001:0000ad48       __acrt_release_locale_ref  000000014000bd48 f   libucrt:locale_refcounting.obj
 0001:0000adf0       __acrt_update_thread_locale_data 000000014000bdf0 f   libucrt:locale_refcounting.obj
 0001:0000ae60       _updatetlocinfoEx_nolock   000000014000be60 f   libucrt:locale_refcounting.obj
 0001:0000aec8       _recalloc_base             000000014000bec8 f   libucrt:recalloc.obj
 0001:0000af60       __acrt_initialize_heap     000000014000bf60 f   libucrt:heap_handle.obj
 0001:0000af7c       __acrt_uninitialize_heap   000000014000bf7c f   libucrt:heap_handle.obj
 0001:0000af88       __acrt_execute_initializers 000000014000bf88 f   libucrt:shared_initialization.obj
 0001:0000b008       __acrt_execute_uninitializers 000000014000c008 f   libucrt:shared_initialization.obj
 0001:0000b044       __acrt_initialize_new_handler 000000014000c044 f   libucrt:new_handler.obj
 0001:0000b04c       _callnewh                  000000014000c04c f   libucrt:new_handler.obj
 0001:0000b07c       _query_new_handler         000000014000c07c f   libucrt:new_handler.obj
 0001:0000b0f8       __acrt_get_sigabrt_handler 000000014000c0f8 f   libucrt:signal.obj
 0001:0000b128       __acrt_initialize_signal_handlers 000000014000c128 f   libucrt:signal.obj
 0001:0000b148       raise                      000000014000c148 f   libucrt:signal.obj
 0001:0000b3b4       _isctype_l                 000000014000c3b4 f   libucrt:isctype.obj
 0001:0000b4bc       __acrt_DownlevelLocaleNameToLCID 000000014000c4bc f   libucrt:lcidtoname_downlevel.obj
 0001:0000b56c       _fclose_nolock             000000014000c56c f   libucrt:fclose.obj
 0001:0000b5f0       fclose                     000000014000c5f0 f   libucrt:fclose.obj
 0001:0000b6e0       _commit                    000000014000c6e0 f   libucrt:commit.obj
 0001:0000bff0       _write                     000000014000cff0 f   libucrt:write.obj
 0001:0000c0dc       _write_nolock              000000014000d0dc f   libucrt:write.obj
 0001:0000c3c0       _isleadbyte_l              000000014000d3c0 f i libucrt:_wctype.obj
 0001:0000c40c       ?__mbrtowc_utf8@__crt_mbstring@@YA_KPEA_WPEBD_KPEAU_Mbstatet@@@Z 000000014000d40c f   libucrt:mbrtowc.obj
 0001:0000c448       ?__mbsrtowcs_utf8@__crt_mbstring@@YA_KPEA_WPEAPEBD_KPEAU_Mbstatet@@@Z 000000014000d448 f   libucrt:mbrtowc.obj
 0001:0000c5c0       ?__c32rtomb_utf8@__crt_mbstring@@YA_KPEAD_UPEAU_Mbstatet@@@Z 000000014000d5c0 f   libucrt:c32rtomb.obj
 0001:0000c674       __acrt_fp_strflt_to_string 000000014000d674 f   libucrt:_fptostr.obj
 0001:0000c7d0       ?divide@__crt_strtox@@YA_KAEAUbig_integer@1@AEBU21@@Z 000000014000d7d0 f i libucrt:cfout.obj
 0001:0000cbfc       __acrt_fltout              000000014000dbfc f   libucrt:cfout.obj
 0001:0000dec8       fegetround                 000000014000eec8 f   libucrt:fegetround.obj
 0001:0000e03c       __acrt_stdio_flush_and_write_narrow_nolock 000000014000f03c f   libucrt:_flsbuf.obj
 0001:0000e0f4       _isatty                    000000014000f0f4 f   libucrt:isatty.obj
 0001:0000e160       qsort                      000000014000f160 f   libucrt:qsort.obj
 0001:0000e500       strncpy_s                  000000014000f500 f   libucrt:strncpy_s.obj
 0001:0000e680       strpbrk                    000000014000f680 f   libucrt:strpbrk.obj
 0001:0000ea48       _mbsdec                    000000014000fa48 f   libucrt:mbsdec.obj
 0001:0000ea50       _mbsdec_l                  000000014000fa50 f   libucrt:mbsdec.obj
 0001:0000edfc       __acrt_LCMapStringA        000000014000fdfc f   libucrt:lcmapstringa.obj
 0001:0000eeac       _strnicoll                 000000014000feac f   libucrt:strnicol.obj
 0001:0000eec4       _strnicoll_l               000000014000fec4 f   libucrt:strnicol.obj
 0001:0000efc4       __acrt_SetEnvironmentVariableA 000000014000ffc4 f   libucrt:setenvironmentvariablea.obj
 0001:0000f15c       __ascii_wcsnicmp           000000014001015c f   libucrt:wcsnicmp.obj
 0001:0000f1a8       _msize_base                00000001400101a8 f   libucrt:msize.obj
 0001:0000f1e4       _realloc_base              00000001400101e4 f   libucrt:realloc_base.obj
 0001:0000f2d4       _close                     00000001400102d4 f   libucrt:close.obj
 0001:0000f378       _close_nolock              0000000140010378 f   libucrt:close.obj
 0001:0000f438       ?__acrt_stdio_free_stream@@YAXV__crt_stdio_stream@@@Z 0000000140010438 f   libucrt:stream.obj
 0001:0000f5e0       _lseeki64                  00000001400105e0 f   libucrt:lseek.obj
 0001:0000f5e8       _lseeki64_nolock           00000001400105e8 f   libucrt:lseek.obj
 0001:0000f5f0       _putwch_nolock             00000001400105f0 f   libucrt:putwch.obj
 0001:0000f62c       ?__mbrtoc32_utf8@__crt_mbstring@@YA_KPEA_UPEBD_KPEAU_Mbstatet@@@Z 000000014001062c f   libucrt:mbrtoc32.obj
 0001:0000f804       _controlfp_s               0000000140010804 f   libucrt:contrlfp.obj
 0001:0000f868       fegetenv                   0000000140010868 f   libucrt:fegetenv.obj
 0001:0000f888       fesetenv                   0000000140010888 f   libucrt:fesetenv.obj
 0001:0000f8d4       feholdexcept               00000001400108d4 f   libucrt:feholdexcept.obj
 0001:0000f924       ceil                       0000000140010924 f   libucrt:ceil.obj
 0001:0000f9f0       log10                      00000001400109f0 f   libucrt:log10.obj
 0001:0000ff9c       __acrt_fenv_get_common_round_control 0000000140010f9c f   libucrt:_fenvutils.obj
 0001:0000ffa8       __acrt_fenv_get_control    0000000140010fa8 f   libucrt:_fenvutils.obj
 0001:0001009c       __acrt_fenv_get_status     000000014001109c f   libucrt:_fenvutils.obj
 0001:000100f0       __acrt_fenv_set_control    00000001400110f0 f   libucrt:_fenvutils.obj
 0001:00010238       __acrt_fenv_set_status     0000000140011238 f   libucrt:_fenvutils.obj
 0001:000102bc       __acrt_stdio_allocate_buffer_nolock 00000001400112bc f   libucrt:_getbuf.obj
 0001:00010328       __strncnt                  0000000140011328 f   libucrt:strncnt.obj
 0001:00010340       __ascii_strnicmp           0000000140011340 f   libucrt:strnicmp.obj
 0001:0001038c       _strnicmp                  000000014001138c f   libucrt:strnicmp.obj
 0001:000103dc       _strnicmp_l                00000001400113dc f   libucrt:strnicmp.obj
 0001:000107ec       __acrt_CompareStringA      00000001400117ec f   libucrt:comparestringa.obj
 0001:00010878       __dcrt_lowio_ensure_console_output_initialized 0000000140011878 f   libucrt:initcon.obj
 0001:000108cc       __dcrt_terminate_console_output 00000001400118cc f   libucrt:initcon.obj
 0001:000108e8       __dcrt_write_console       00000001400118e8 f   libucrt:initcon.obj
 0001:000109a8       _clearfp                   00000001400119a8 f   libucrt:ieee.obj
 0001:00010a18       _control87                 0000000140011a18 f   libucrt:ieee.obj
 0001:00010e04       _handle_error              0000000140011e04 f   libucrt:libm_error.obj
 0001:00010f2c       _handle_nan                0000000140011f2c f   libucrt:libm_error.obj
 0001:00010f50       __acrt_initialize_fma3     0000000140011f50 f   libucrt:fma3_available.obj
 0001:00010fc0       _log10_special             0000000140011fc0 f   libucrt:log_special.obj
 0001:00011090       _get_fpsr                  0000000140012090 f   libucrt:fpsr.obj
 0001:000110a0       _set_fpsr                  00000001400120a0 f   libucrt:fpsr.obj
 0001:000110aa       _fclrf                     00000001400120aa f   libucrt:fpsr.obj
 0001:000110be       _frnd                      00000001400120be f   libucrt:fpsr.obj
 0001:000110e0       _raise_exc                 00000001400120e0 f   libucrt:fpexcept.obj
 0001:00011108       _raise_exc_ex              0000000140012108 f   libucrt:fpexcept.obj
 0001:00011418       _set_errno_from_matherr    0000000140012418 f   libucrt:fpexcept.obj
 0001:00011448       _clrfp                     0000000140012448 f   libucrt:fpctrl.obj
 0001:00011468       _ctrlfp                    0000000140012468 f   libucrt:fpctrl.obj
 0001:000114e4       _set_statfp                00000001400124e4 f   libucrt:fpctrl.obj
 0001:00011504       _statfp                    0000000140012504 f   libucrt:fpctrl.obj
 0001:00011520       _FindPESection             0000000140012520 f   LIBCMT:pesect.obj
 0001:00011570       _IsNonwritableInCurrentImage 0000000140012570 f   LIBCMT:pesect.obj
 0001:000115c0       _ValidateImageBase         00000001400125c0 f   LIBCMT:pesect.obj
 0001:00011600       _alloca_probe              0000000140012600 f   LIBCMT:chkstk.obj
 0001:00011600       __chkstk                   0000000140012600 f   LIBCMT:chkstk.obj
 0001:00011660       memcmp                     0000000140012660 f   libvcruntime:memcmp.obj
 0001:00011728       strrchr                    0000000140012728 f   libvcruntime:strrchr.obj
 0001:00011864       strchr                     0000000140012864 f   libvcruntime:strchr.obj
 0001:00011900       _guard_dispatch_icall_nop  0000000140012900 f   LIBCMT:guard_dispatch.obj
 0001:00011920       _guard_xfg_dispatch_icall_nop 0000000140012920 f   LIBCMT:guard_xfg_dispatch.obj
 0002:00000000       __imp_GetStdHandle         0000000140013000     kernel32:KERNEL32.dll
 0002:00000008       __imp_GetConsoleMode       0000000140013008     kernel32:KERNEL32.dll
 0002:00000010       __imp_SetConsoleMode       0000000140013010     kernel32:KERNEL32.dll
 0002:00000018       __imp_ReadConsoleInputA    0000000140013018     kernel32:KERNEL32.dll
 0002:00000020       __imp_SetConsoleOutputCP   0000000140013020     kernel32:KERNEL32.dll
 0002:00000028       __imp_RtlCaptureContext    0000000140013028     kernel32:KERNEL32.dll
 0002:00000030       __imp_RtlLookupFunctionEntry 0000000140013030     kernel32:KERNEL32.dll
 0002:00000038       __imp_RtlVirtualUnwind     0000000140013038     kernel32:KERNEL32.dll
 0002:00000040       __imp_UnhandledExceptionFilter 0000000140013040     kernel32:KERNEL32.dll
 0002:00000048       __imp_SetUnhandledExceptionFilter 0000000140013048     kernel32:KERNEL32.dll
 0002:00000050       __imp_GetCurrentProcess    0000000140013050     kernel32:KERNEL32.dll
 0002:00000058       __imp_TerminateProcess     0000000140013058     kernel32:KERNEL32.dll
 0002:00000060       __imp_IsProcessorFeaturePresent 0000000140013060     kernel32:KERNEL32.dll
 0002:00000068       __imp_QueryPerformanceCounter 0000000140013068     kernel32:KERNEL32.dll
 0002:00000070       __imp_GetCurrentProcessId  0000000140013070     kernel32:KERNEL32.dll
 0002:00000078       __imp_GetCurrentThreadId   0000000140013078     kernel32:KERNEL32.dll
 0002:00000080       __imp_GetSystemTimeAsFileTime 0000000140013080     kernel32:KERNEL32.dll
 0002:00000088       __imp_InitializeSListHead  0000000140013088     kernel32:KERNEL32.dll
 0002:00000090       __imp_IsDebuggerPresent    0000000140013090     kernel32:KERNEL32.dll
 0002:00000098       __imp_GetStartupInfoW      0000000140013098     kernel32:KERNEL32.dll
 0002:000000a0       __imp_GetModuleHandleW     00000001400130a0     kernel32:KERNEL32.dll
 0002:000000a8       __imp_WriteConsoleW        00000001400130a8     kernel32:KERNEL32.dll
 0002:000000b0       __imp_RtlUnwindEx          00000001400130b0     kernel32:KERNEL32.dll
 0002:000000b8       __imp_GetLastError         00000001400130b8     kernel32:KERNEL32.dll
 0002:000000c0       __imp_SetLastError         00000001400130c0     kernel32:KERNEL32.dll
 0002:000000c8       __imp_EnterCriticalSection 00000001400130c8     kernel32:KERNEL32.dll
 0002:000000d0       __imp_LeaveCriticalSection 00000001400130d0     kernel32:KERNEL32.dll
 0002:000000d8       __imp_DeleteCriticalSection 00000001400130d8     kernel32:KERNEL32.dll
 0002:000000e0       __imp_InitializeCriticalSectionAndSpinCount 00000001400130e0     kernel32:KERNEL32.dll
 0002:000000e8       __imp_TlsAlloc             00000001400130e8     kernel32:KERNEL32.dll
 0002:000000f0       __imp_TlsGetValue          00000001400130f0     kernel32:KERNEL32.dll
 0002:000000f8       __imp_TlsSetValue          00000001400130f8     kernel32:KERNEL32.dll
 0002:00000100       __imp_TlsFree              0000000140013100     kernel32:KERNEL32.dll
 0002:00000108       __imp_FreeLibrary          0000000140013108     kernel32:KERNEL32.dll
 0002:00000110       __imp_GetProcAddress       0000000140013110     kernel32:KERNEL32.dll
 0002:00000118       __imp_LoadLibraryExW       0000000140013118     kernel32:KERNEL32.dll
 0002:00000120       __imp_RaiseException       0000000140013120     kernel32:KERNEL32.dll
 0002:00000128       __imp_WriteFile            0000000140013128     kernel32:KERNEL32.dll
 0002:00000130       __imp_GetModuleFileNameW   0000000140013130     kernel32:KERNEL32.dll
 0002:00000138       __imp_ExitProcess          0000000140013138     kernel32:KERNEL32.dll
 0002:00000140       __imp_GetModuleHandleExW   0000000140013140     kernel32:KERNEL32.dll
 0002:00000148       __imp_GetCommandLineA      0000000140013148     kernel32:KERNEL32.dll
 0002:00000150       __imp_GetCommandLineW      0000000140013150     kernel32:KERNEL32.dll
 0002:00000158       __imp_HeapAlloc            0000000140013158     kernel32:KERNEL32.dll
 0002:00000160       __imp_HeapFree             0000000140013160     kernel32:KERNEL32.dll
 0002:00000168       __imp_CompareStringW       0000000140013168     kernel32:KERNEL32.dll
 0002:00000170       __imp_LCMapStringW         0000000140013170     kernel32:KERNEL32.dll
 0002:00000178       __imp_GetFileType          0000000140013178     kernel32:KERNEL32.dll
 0002:00000180       __imp_FindClose            0000000140013180     kernel32:KERNEL32.dll
 0002:00000188       __imp_FindFirstFileExW     0000000140013188     kernel32:KERNEL32.dll
 0002:00000190       __imp_FindNextFileW        0000000140013190     kernel32:KERNEL32.dll
 0002:00000198       __imp_IsValidCodePage      0000000140013198     kernel32:KERNEL32.dll
 0002:000001a0       __imp_GetACP               00000001400131a0     kernel32:KERNEL32.dll
 0002:000001a8       __imp_GetOEMCP             00000001400131a8     kernel32:KERNEL32.dll
 0002:000001b0       __imp_GetCPInfo            00000001400131b0     kernel32:KERNEL32.dll
 0002:000001b8       __imp_MultiByteToWideChar  00000001400131b8     kernel32:KERNEL32.dll
 0002:000001c0       __imp_WideCharToMultiByte  00000001400131c0     kernel32:KERNEL32.dll
 0002:000001c8       __imp_GetEnvironmentStringsW 00000001400131c8     kernel32:KERNEL32.dll
 0002:000001d0       __imp_FreeEnvironmentStringsW 00000001400131d0     kernel32:KERNEL32.dll
 0002:000001d8       __imp_SetEnvironmentVariableW 00000001400131d8     kernel32:KERNEL32.dll
 0002:000001e0       __imp_SetStdHandle         00000001400131e0     kernel32:KERNEL32.dll
 0002:000001e8       __imp_GetStringTypeW       00000001400131e8     kernel32:KERNEL32.dll
 0002:000001f0       __imp_GetProcessHeap       00000001400131f0     kernel32:KERNEL32.dll
 0002:000001f8       __imp_FlushFileBuffers     00000001400131f8     kernel32:KERNEL32.dll
 0002:00000200       __imp_GetConsoleOutputCP   0000000140013200     kernel32:KERNEL32.dll
 0002:00000208       __imp_GetFileSizeEx        0000000140013208     kernel32:KERNEL32.dll
 0002:00000210       __imp_SetFilePointerEx     0000000140013210     kernel32:KERNEL32.dll
 0002:00000218       __imp_HeapSize             0000000140013218     kernel32:KERNEL32.dll
 0002:00000220       __imp_HeapReAlloc          0000000140013220     kernel32:KERNEL32.dll
 0002:00000228       __imp_CloseHandle          0000000140013228     kernel32:KERNEL32.dll
 0002:00000230       __imp_CreateFileW          0000000140013230     kernel32:KERNEL32.dll
 0002:00000238       \177KERNEL32_NULL_THUNK_DATA 0000000140013238     kernel32:KERNEL32.dll
 0002:00000240       __guard_check_icall_fptr   0000000140013240     LIBCMT:guard_support.obj
 0002:00000248       __guard_xfg_check_icall_fptr 0000000140013248     LIBCMT:guard_support.obj
 0002:00000250       __guard_dispatch_icall_fptr 0000000140013250     LIBCMT:guard_support.obj
 0002:00000258       __guard_xfg_dispatch_icall_fptr 0000000140013258     LIBCMT:guard_support.obj
 0002:00000260       __guard_xfg_table_dispatch_icall_fptr 0000000140013260     LIBCMT:guard_support.obj
 0002:00000268       __castguard_check_failure_os_handled_fptr 0000000140013268     LIBCMT:guard_support.obj
 0002:00000270       __guard_memcpy_fptr        0000000140013270     libvcruntime:softmemtag.obj
 0002:00000278       __xc_a                     0000000140013278     LIBCMT:initializers.obj
 0002:00000288       __xc_z                     0000000140013288     LIBCMT:initializers.obj
 0002:00000290       __xi_a                     0000000140013290     LIBCMT:initializers.obj
 0002:000002a8       __acrt_stdio_initializer   00000001400132a8     libucrt:stdio_initializer.obj
 0002:000002b0       __acrt_multibyte_initializer 00000001400132b0     libucrt:multibyte_initializer.obj
 0002:000002b8       __acrt_fmode_initializer   00000001400132b8     libucrt:fmode_initializer.obj
 0002:000002c0       __acrt_tran_fma3_initializer 00000001400132c0     libucrt:fma3_initializer.obj
 0002:000002c8       __xi_z                     00000001400132c8     LIBCMT:initializers.obj
 0002:000002d0       __xp_a                     00000001400132d0     LIBCMT:initializers.obj
 0002:000002d8       __acrt_locale_terminator   00000001400132d8     libucrt:locale_initializer.obj
 0002:000002e0       __dcrt_console_output_terminator 00000001400132e0     libucrt:console_output_initializer.obj
 0002:000002e8       __acrt_stdio_terminator    00000001400132e8     libucrt:stdio_initializer.obj
 0002:000002f0       __xp_z                     00000001400132f0     LIBCMT:initializers.obj
 0002:000002f8       __xt_a                     00000001400132f8     LIBCMT:initializers.obj
 0002:00000300       __xt_z                     0000000140013300     LIBCMT:initializers.obj
 0002:00000320       __xmm@ffffffffffffffffffffffffffffffff 0000000140013320     LIBCMT:utility.obj
 0002:00000330       _pDestructExceptionObject  0000000140013330     libvcruntime:ehhelpers.obj
 0002:00000a50       ??_C@_08EHJDFFNH@__based?$CI@ 0000000140013a50     libvcruntime:undname.obj
 0002:00000a60       ??_C@_07KOLFKCDI@__cdecl@  0000000140013a60     libvcruntime:undname.obj
 0002:00000a68       ??_C@_08GHMPAG@__pascal@   0000000140013a68     libvcruntime:undname.obj
 0002:00000a78       ??_C@_09IFJBGAPI@__stdcall@ 0000000140013a78     libvcruntime:undname.obj
 0002:00000a88       ??_C@_0L@NPHFGOKO@__thiscall@ 0000000140013a88     libvcruntime:undname.obj
 0002:00000a98       ??_C@_0L@JMKHOMEK@__fastcall@ 0000000140013a98     libvcruntime:undname.obj
 0002:00000aa8       ??_C@_0N@BCKKPABJ@__vectorcall@ 0000000140013aa8     libvcruntime:undname.obj
 0002:00000ab8       ??_C@_09HIJEGCPM@__clrcall@ 0000000140013ab8     libvcruntime:undname.obj
 0002:00000ac4       ??_C@_06GHPCKEAG@__eabi@   0000000140013ac4     libvcruntime:undname.obj
 0002:00000ad0       ??_C@_09IOPIDJLG@__swift_1@ 0000000140013ad0     libvcruntime:undname.obj
 0002:00000ae0       ??_C@_09KFNFGKHF@__swift_2@ 0000000140013ae0     libvcruntime:undname.obj
 0002:00000af0       ??_C@_09LMMOFLDE@__swift_3@ 0000000140013af0     libvcruntime:undname.obj
 0002:00000b00       ??_C@_07JOMMBBKO@__ptr64@  0000000140013b00     libvcruntime:undname.obj
 0002:00000b08       ??_C@_0L@PILCLIHE@__restrict@ 0000000140013b08     libvcruntime:undname.obj
 0002:00000b18       ??_C@_0M@GFIIJFMG@__unaligned@ 0000000140013b18     libvcruntime:undname.obj
 0002:00000b28       ??_C@_09DHDLOLLB@restrict?$CI@ 0000000140013b28     libvcruntime:undname.obj
 0002:00000b32       ??_C@_00CNPNBAHC@@         0000000140013b32     libvcruntime:undname.obj
 0002:00000b34       ??_C@_04NIHEBCM@?5new@     0000000140013b34     libvcruntime:undname.obj
 0002:00000b40       ??_C@_07FPCDHGMM@?5delete@ 0000000140013b40     libvcruntime:undname.obj
 0002:00000b48       ??_C@_01NEMOKFLO@?$DN@     0000000140013b48     libvcruntime:undname.obj
 0002:00000b4c       ??_C@_02GPIOPFAK@?$DO?$DO@ 0000000140013b4c     libvcruntime:undname.obj
 0002:00000b50       ??_C@_02FODMEDOG@?$DM?$DM@ 0000000140013b50     libvcruntime:undname.obj
 0002:00000b54       ??_C@_01DCLJPIOD@?$CB@     0000000140013b54     libvcruntime:undname.obj
 0002:00000b58       ??_C@_02EGOFBIJA@?$DN?$DN@ 0000000140013b58     libvcruntime:undname.obj
 0002:00000b5c       ??_C@_02FDNJECIE@?$CB?$DN@ 0000000140013b5c     libvcruntime:undname.obj
 0002:00000b60       ??_C@_02GPECMEKF@?$FL?$FN@ 0000000140013b60     libvcruntime:undname.obj
 0002:00000b68       ??_C@_08LHJFAFGD@operator@ 0000000140013b68     libvcruntime:undname.obj
 0002:00000b74       ??_C@_02HBOOOICD@?9?$DO@   0000000140013b74     libvcruntime:undname.obj
 0002:00000b78       ??_C@_01NBENCBCI@?$CK@     0000000140013b78     libvcruntime:undname.obj
 0002:00000b7c       ??_C@_02ECNGHCIF@?$CL?$CL@ 0000000140013b7c     libvcruntime:undname.obj
 0002:00000b80       ??_C@_02BAABKJLB@?9?9@     0000000140013b80     libvcruntime:undname.obj
 0002:00000b84       ??_C@_01JOAMLHOP@?9@       0000000140013b84     libvcruntime:undname.obj
 0002:00000b88       ??_C@_01MIFGBAGJ@?$CL@     0000000140013b88     libvcruntime:undname.obj
 0002:00000b8c       ??_C@_01HNPIGOCE@?$CG@     0000000140013b8c     libvcruntime:undname.obj
 0002:00000b90       ??_C@_03MNHNFDLC@?9?$DO?$CK@ 0000000140013b90     libvcruntime:undname.obj
 0002:00000b94       ??_C@_01KMDKNFGN@?1@       0000000140013b94     libvcruntime:undname.obj
 0002:00000b98       ??_C@_01FGNFDNOH@?$CF@     0000000140013b98     libvcruntime:undname.obj
 0002:00000b9c       ??_C@_01MNNFJEPP@?$DM@     0000000140013b9c     libvcruntime:undname.obj
 0002:00000ba0       ??_C@_02EHCHHCKH@?$DM?$DN@ 0000000140013ba0     libvcruntime:undname.obj
 0002:00000ba4       ??_C@_01PPODPGHN@?$DO@     0000000140013ba4     libvcruntime:undname.obj
 0002:00000ba8       ??_C@_02EEKDKGMJ@?$DO?$DN@ 0000000140013ba8     libvcruntime:undname.obj
 0002:00000bac       ??_C@_01IHBHIGKO@?0@       0000000140013bac     libvcruntime:undname.obj
 0002:00000bb0       ??_C@_02HCKGKOFO@?$CI?$CJ@ 0000000140013bb0     libvcruntime:undname.obj
 0002:00000bb4       ??_C@_01PJKLJHI@?$HO@      0000000140013bb4     libvcruntime:undname.obj
 0002:00000bb8       ??_C@_01JKBOJNNK@?$FO@     0000000140013bb8     libvcruntime:undname.obj
 0002:00000bbc       ??_C@_01DNKMNLPK@?$HM@     0000000140013bbc     libvcruntime:undname.obj
 0002:00000bc0       ??_C@_02PPKAJPJL@?$CG?$CG@ 0000000140013bc0     libvcruntime:undname.obj
 0002:00000bc4       ??_C@_02NONPIBCD@?$HM?$HM@ 0000000140013bc4     libvcruntime:undname.obj
 0002:00000bc8       ??_C@_02FPIMKNGF@?$CK?$DN@ 0000000140013bc8     libvcruntime:undname.obj
 0002:00000bcc       ??_C@_02FOEOMHFC@?$CL?$DN@ 0000000140013bcc     libvcruntime:undname.obj
 0002:00000bd0       ??_C@_02FKMDLLOA@?9?$DN@   0000000140013bd0     libvcruntime:undname.obj
 0002:00000bd4       ??_C@_02FJEHGPIO@?1?$DN@   0000000140013bd4     libvcruntime:undname.obj
 0002:00000bd8       ??_C@_02FENAOKFI@?$CF?$DN@ 0000000140013bd8     libvcruntime:undname.obj
 0002:00000bdc       ??_C@_03IKFCCPFF@?$DO?$DO?$DN@ 0000000140013bdc     libvcruntime:undname.obj
 0002:00000be0       ??_C@_03CDNPDDLA@?$DM?$DM?$DN@ 0000000140013be0     libvcruntime:undname.obj
 0002:00000be4       ??_C@_02FGJGFEAB@?$CG?$DN@ 0000000140013be4     libvcruntime:undname.obj
 0002:00000be8       ??_C@_02DHLNPPGH@?$HM?$DN@ 0000000140013be8     libvcruntime:undname.obj
 0002:00000bec       ??_C@_02MHEGNOJ@?$FO?$DN@  0000000140013bec     libvcruntime:undname.obj
 0002:00000bf0       ??_C@_09IFPLHPGF@?$GAvftable?8@ 0000000140013bf0     libvcruntime:undname.obj
 0002:00000c00       ??_C@_09BLBHBJP@?$GAvbtable?8@ 0000000140013c00     libvcruntime:undname.obj
 0002:00000c10       ??_C@_07FEEIOKP@?$GAvcall?8@ 0000000140013c10     libvcruntime:undname.obj
 0002:00000c18       ??_C@_08LLFFHHDJ@?$GAtypeof?8@ 0000000140013c18     libvcruntime:undname.obj
 0002:00000c28       ??_C@_0BF@KDPPACIK@?$GAlocal?5static?5guard?8@ 0000000140013c28     libvcruntime:undname.obj
 0002:00000c40       ??_C@_08OBABFOLI@?$GAstring?8@ 0000000140013c40     libvcruntime:undname.obj
 0002:00000c50       ??_C@_0BD@JDLKDPAB@?$GAvbase?5destructor?8@ 0000000140013c50     libvcruntime:undname.obj
 0002:00000c68       ??_C@_0BN@DEGPLNFK@?$GAvector?5deleting?5destructor?8@ 0000000140013c68     libvcruntime:undname.obj
 0002:00000c88       ??_C@_0BO@OBMKPJIG@?$GAdefault?5constructor?5closure?8@ 0000000140013c88     libvcruntime:undname.obj
 0002:00000ca8       ??_C@_0BN@IMDCHIKM@?$GAscalar?5deleting?5destructor?8@ 0000000140013ca8     libvcruntime:undname.obj
 0002:00000cc8       ??_C@_0BO@PFGOCPJJ@?$GAvector?5constructor?5iterator?8@ 0000000140013cc8     libvcruntime:undname.obj
 0002:00000ce8       ??_C@_0BN@LFPFMEDL@?$GAvector?5destructor?5iterator?8@ 0000000140013ce8     libvcruntime:undname.obj
 0002:00000d08       ??_C@_0CE@IKBNEHA@?$GAvector?5vbase?5constructor?5itera@ 0000000140013d08     libvcruntime:undname.obj
 0002:00000d30       ??_C@_0BL@NILFHHPC@?$GAvirtual?5displacement?5map?8@ 0000000140013d30     libvcruntime:undname.obj
 0002:00000d50       ??_C@_0CB@JONCMFFK@?$GAeh?5vector?5constructor?5iterator@ 0000000140013d50     libvcruntime:undname.obj
 0002:00000d78       ??_C@_0CA@GCEOPDGL@?$GAeh?5vector?5destructor?5iterator?8@ 0000000140013d78     libvcruntime:undname.obj
 0002:00000d98       ??_C@_0CH@OOJPLCPH@?$GAeh?5vector?5vbase?5constructor?5it@ 0000000140013d98     libvcruntime:undname.obj
 0002:00000dc0       ??_C@_0BL@LLKPOHJI@?$GAcopy?5constructor?5closure?8@ 0000000140013dc0     libvcruntime:undname.obj
 0002:00000de0       ??_C@_0BA@KBCDOMBN@?$GAudt?5returning?8@ 0000000140013de0     libvcruntime:undname.obj
 0002:00000df0       ??_C@_03KLGMFNMG@?$GAEH@   0000000140013df0     libvcruntime:undname.obj
 0002:00000df4       ??_C@_05KHLCHHI@?$GARTTI@  0000000140013df4     libvcruntime:undname.obj
 0002:00000e00       ??_C@_0BA@KKLDJDLB@?$GAlocal?5vftable?8@ 0000000140013e00     libvcruntime:undname.obj
 0002:00000e10       ??_C@_0CE@IIHCMGGL@?$GAlocal?5vftable?5constructor?5clos@ 0000000140013e10     libvcruntime:undname.obj
 0002:00000e34       ??_C@_06FHBGPFGH@?5new?$FL?$FN@ 0000000140013e34     libvcruntime:undname.obj
 0002:00000e40       ??_C@_09LBNFPBCA@?5delete?$FL?$FN@ 0000000140013e40     libvcruntime:undname.obj
 0002:00000e50       ??_C@_0P@HJKNJFNN@?$GAomni?5callsig?8@ 0000000140013e50     libvcruntime:undname.obj
 0002:00000e60       ??_C@_0BL@CNOONJFP@?$GAplacement?5delete?5closure?8@ 0000000140013e60     libvcruntime:undname.obj
 0002:00000e80       ??_C@_0BN@CKNJLHMB@?$GAplacement?5delete?$FL?$FN?5closure?8@ 0000000140013e80     libvcruntime:undname.obj
 0002:00000ea0       ??_C@_0CG@CFDHKGGD@?$GAmanaged?5vector?5constructor?5ite@ 0000000140013ea0     libvcruntime:undname.obj
 0002:00000ec8       ??_C@_0CF@IMGKMJNO@?$GAmanaged?5vector?5destructor?5iter@ 0000000140013ec8     libvcruntime:undname.obj
 0002:00000ef0       ??_C@_0CG@HLDDJMAG@?$GAeh?5vector?5copy?5constructor?5ite@ 0000000140013ef0     libvcruntime:undname.obj
 0002:00000f18       ??_C@_0CM@FCBBDIGB@?$GAeh?5vector?5vbase?5copy?5construct@ 0000000140013f18     libvcruntime:undname.obj
 0002:00000f48       ??_C@_0BL@CLIPGLGB@?$GAdynamic?5initializer?5for?5?8@ 0000000140013f48     libvcruntime:undname.obj
 0002:00000f68       ??_C@_0CB@PDBIFEP@?$GAdynamic?5atexit?5destructor?5for?5@ 0000000140013f68     libvcruntime:undname.obj
 0002:00000f90       ??_C@_0CD@CGAJBKEJ@?$GAvector?5copy?5constructor?5iterat@ 0000000140013f90     libvcruntime:undname.obj
 0002:00000fb8       ??_C@_0CJ@GJELGAMM@?$GAvector?5vbase?5copy?5constructor?5@ 0000000140013fb8     libvcruntime:undname.obj
 0002:00000fe8       ??_C@_0CL@FGIJHLCE@?$GAmanaged?5vector?5copy?5constructo@ 0000000140013fe8     libvcruntime:undname.obj
 0002:00001018       ??_C@_0BM@PMGGMLDN@?$GAlocal?5static?5thread?5guard?8@ 0000000140014018     libvcruntime:undname.obj
 0002:00001038       ??_C@_0N@BDNMDMOL@operator?5?$CC?$CC?5@ 0000000140014038     libvcruntime:undname.obj
 0002:00001048       ??_C@_0BC@GGEBGALA@operator?5co_await@ 0000000140014048     libvcruntime:undname.obj
 0002:00001060       ??_C@_0M@GAAIMMOH@operator?$DM?$DN?$DO@ 0000000140014060     libvcruntime:undname.obj
 0002:00001070       ??_C@_0BC@DAFEJGAK@?5Type?5Descriptor?8@ 0000000140014070     libvcruntime:undname.obj
 0002:00001088       ??_C@_0BM@LDKODKLH@?5Base?5Class?5Descriptor?5at?5?$CI@ 0000000140014088     libvcruntime:undname.obj
 0002:000010a8       ??_C@_0BD@LGICGFMM@?5Base?5Class?5Array?8@ 00000001400140a8     libvcruntime:undname.obj
 0002:000010c0       ??_C@_0BN@MECKDCOJ@?5Class?5Hierarchy?5Descriptor?8@ 00000001400140c0     libvcruntime:undname.obj
 0002:000010e0       ??_C@_0BK@CFCOFLF@?5Complete?5Object?5Locator?8@ 00000001400140e0     libvcruntime:undname.obj
 0002:00001100       ??_C@_0BG@JNJLAMPM@?$GAanonymous?5namespace?8@ 0000000140014100     libvcruntime:undname.obj
 0002:00001130       ??_C@_1DM@KHCHBNEB@?$AAa?$AAp?$AAi?$AA?9?$AAm?$AAs?$AA?9?$AAw?$AAi?$AAn?$AA?9?$AAc?$AAo?$AAr?$AAe@ 0000000140014130     libvcruntime:winapi_downlevel.obj
 0002:00001170       ??_C@_1DK@LPPGFMPP@?$AAa?$AAp?$AAi?$AA?9?$AAm?$AAs?$AA?9?$AAw?$AAi?$AAn?$AA?9?$AAc?$AAo?$AAr?$AAe@ 0000000140014170     libvcruntime:winapi_downlevel.obj
 0002:000011b0       ??_C@_1BC@GDMECMAK@?$AAk?$AAe?$AAr?$AAn?$AAe?$AAl?$AA3?$AA2@ 00000001400141b0     libvcruntime:winapi_downlevel.obj
 0002:000011c8       ??_C@_1BA@PFFKHIOG@?$AAa?$AAp?$AAi?$AA?9?$AAm?$AAs?$AA?9@ 00000001400141c8     libvcruntime:winapi_downlevel.obj
 0002:000011e0       ??_C@_08KNHFBNJ@FlsAlloc@  00000001400141e0     libvcruntime:winapi_downlevel.obj
 0002:000011f8       ??_C@_07PEJMOBNF@FlsFree@  00000001400141f8     libvcruntime:winapi_downlevel.obj
 0002:00001208       ??_C@_0M@GDNOONDI@FlsGetValue@ 0000000140014208     libvcruntime:winapi_downlevel.obj
 0002:00001220       ??_C@_0M@JCPCPOEF@FlsSetValue@ 0000000140014220     libvcruntime:winapi_downlevel.obj
 0002:00001238       ??_C@_0BM@HCFOFFN@InitializeCriticalSectionEx@ 0000000140014238     libvcruntime:winapi_downlevel.obj
 0002:00001260       ?standard_lookup_table_spectre@__crt_stdio_output@@3V?$spectre_mitigated_lookup_table@Ustate_transition_pair@__crt_stdio_output@@$0IA@@1@B 0000000140014260     libucrt:output.obj
 0002:00001660       ??_C@_1O@CEDCILHN@?$AA?$CI?$AAn?$AAu?$AAl?$AAl?$AA?$CJ@ 0000000140014660     libucrt:output.obj
 0002:00001670       ??_C@_06OJHGLDPL@?$CInull?$CJ@ 0000000140014670     libucrt:output.obj
 0002:00001680       __acrt_exception_action_table 0000000140014680     libucrt:exception_filter.obj
 0002:00001740       __acrt_signal_action_table_count 0000000140014740     libucrt:exception_filter.obj
 0002:00001748       __acrt_signal_action_first_fpe_index 0000000140014748     libucrt:exception_filter.obj
 0002:00001750       __acrt_signal_action_fpe_count 0000000140014750     libucrt:exception_filter.obj
 0002:00001758       ??_C@_1BI@BGOHAHKC@?$AAm?$AAs?$AAc?$AAo?$AAr?$AAe?$AAe?$AA?4?$AAd?$AAl?$AAl@ 0000000140014758     libucrt:exit.obj
 0002:00001770       ??_C@_0P@MIGLKIOC@CorExitProcess@ 0000000140014770     libucrt:exit.obj
 0002:00001a90       ??_C@_1EA@JGEFHKEI@?$AAa?$AAp?$AAi?$AA?9?$AAm?$AAs?$AA?9?$AAw?$AAi?$AAn?$AA?9?$AAc?$AAo?$AAr?$AAe@ 0000000140014a90     libucrt:winapi_thunks.obj
 0002:00001ad0       ??_C@_1DI@IJCEHOCB@?$AAa?$AAp?$AAi?$AA?9?$AAm?$AAs?$AA?9?$AAw?$AAi?$AAn?$AA?9?$AAc?$AAo?$AAr?$AAe@ 0000000140014ad0     libucrt:winapi_thunks.obj
 0002:00001b10       ??_C@_1EI@MPIAOHOC@?$AAa?$AAp?$AAi?$AA?9?$AAm?$AAs?$AA?9?$AAw?$AAi?$AAn?$AA?9?$AAc?$AAo?$AAr?$AAe@ 0000000140014b10     libucrt:winapi_thunks.obj
 0002:00001b60       ??_C@_1FK@FPHCKFIE@?$AAa?$AAp?$AAi?$AA?9?$AAm?$AAs?$AA?9?$AAw?$AAi?$AAn?$AA?9?$AAc?$AAo?$AAr?$AAe@ 0000000140014b60     libucrt:winapi_thunks.obj
 0002:00001bc0       ??_C@_1EM@DILCGIIO@?$AAa?$AAp?$AAi?$AA?9?$AAm?$AAs?$AA?9?$AAw?$AAi?$AAn?$AA?9?$AAc?$AAo?$AAr?$AAe@ 0000000140014bc0     libucrt:winapi_thunks.obj
 0002:00001c10       ??_C@_1DM@LNCGDDPN@?$AAa?$AAp?$AAi?$AA?9?$AAm?$AAs?$AA?9?$AAw?$AAi?$AAn?$AA?9?$AAc?$AAo?$AAr?$AAe@ 0000000140014c10     libucrt:winapi_thunks.obj
 0002:00001c50       ??_C@_1DO@FPAPJEMD@?$AAa?$AAp?$AAi?$AA?9?$AAm?$AAs?$AA?9?$AAw?$AAi?$AAn?$AA?9?$AAc?$AAo?$AAr?$AAe@ 0000000140014c50     libucrt:winapi_thunks.obj
 0002:00001c90       ??_C@_1DK@NDHNAHIO@?$AAa?$AAp?$AAi?$AA?9?$AAm?$AAs?$AA?9?$AAw?$AAi?$AAn?$AA?9?$AAc?$AAo?$AAr?$AAe@ 0000000140014c90     libucrt:winapi_thunks.obj
 0002:00001cd0       ??_C@_1DM@KGHDGBCM@?$AAa?$AAp?$AAi?$AA?9?$AAm?$AAs?$AA?9?$AAw?$AAi?$AAn?$AA?9?$AAc?$AAo?$AAr?$AAe@ 0000000140014cd0     libucrt:winapi_thunks.obj
 0002:00001d10       ??_C@_1EO@IJIOEFOH@?$AAa?$AAp?$AAi?$AA?9?$AAm?$AAs?$AA?9?$AAw?$AAi?$AAn?$AA?9?$AAr?$AAt?$AAc?$AAo@ 0000000140014d10     libucrt:winapi_thunks.obj
 0002:00001d60       ??_C@_1FG@HHGEKANL@?$AAa?$AAp?$AAi?$AA?9?$AAm?$AAs?$AA?9?$AAw?$AAi?$AAn?$AA?9?$AAs?$AAe?$AAc?$AAu@ 0000000140014d60     libucrt:winapi_thunks.obj
 0002:00001dc0       ??_C@_1EG@DBIOJECG@?$AAe?$AAx?$AAt?$AA?9?$AAm?$AAs?$AA?9?$AAw?$AAi?$AAn?$AA?9?$AAn?$AAt?$AAu?$AAs@ 0000000140014dc0     libucrt:winapi_thunks.obj
 0002:00001e10       ??_C@_1EO@FIHMJCLF@?$AAe?$AAx?$AAt?$AA?9?$AAm?$AAs?$AA?9?$AAw?$AAi?$AAn?$AA?9?$AAn?$AAt?$AAu?$AAs@ 0000000140014e10     libucrt:winapi_thunks.obj
 0002:00001e60       ??_C@_1BC@DNHGCMLG@?$AAa?$AAd?$AAv?$AAa?$AAp?$AAi?$AA3?$AA2@ 0000000140014e60     libucrt:winapi_thunks.obj
 0002:00001e78       ??_C@_1M@OAIMIKLP@?$AAn?$AAt?$AAd?$AAl?$AAl@ 0000000140014e78     libucrt:winapi_thunks.obj
 0002:00001e90       ??_C@_1EG@DPGNFKGC@?$AAa?$AAp?$AAi?$AA?9?$AAm?$AAs?$AA?9?$AAw?$AAi?$AAn?$AA?9?$AAa?$AAp?$AAp?$AAm@ 0000000140014e90     libucrt:winapi_thunks.obj
 0002:00001ed8       ??_C@_1O@BCCLBEOE@?$AAu?$AAs?$AAe?$AAr?$AA3?$AA2@ 0000000140014ed8     libucrt:winapi_thunks.obj
 0002:00001ee8       ??_C@_1BA@IAIFMGEF@?$AAe?$AAx?$AAt?$AA?9?$AAm?$AAs?$AA?9@ 0000000140014ee8     libucrt:winapi_thunks.obj
 0002:00001f00       ??_C@_0BA@FHFNEAED@AreFileApisANSI@ 0000000140014f00     libucrt:winapi_thunks.obj
 0002:00001f18       ??_C@_0BA@IHGNDAEB@CompareStringEx@ 0000000140014f18     libucrt:winapi_thunks.obj
 0002:00001f58       ??_C@_0O@KKBNKAPF@LCMapStringEx@ 0000000140014f58     libucrt:winapi_thunks.obj
 0002:00001f70       ??_C@_0BB@HBDEELFH@LocaleNameToLCID@ 0000000140014f70     libucrt:winapi_thunks.obj
 0002:00001f88       ??_C@_0CF@OJOFEIGO@AppPolicyGetProcessTerminationM@ 0000000140014f88     libucrt:winapi_thunks.obj
 0002:00002030       ??_C@_03OEIAHPBN@INF@      0000000140015030     libucrt:cvt.obj
 0002:00002034       ??_C@_03OJHLLCGB@inf@      0000000140015034     libucrt:cvt.obj
 0002:00002038       ??_C@_03LKNCIKJB@NAN@      0000000140015038     libucrt:cvt.obj
 0002:0000203c       ??_C@_03LHCJEHON@nan@      000000014001503c     libucrt:cvt.obj
 0002:00002040       ??_C@_09OFJJIMPC@NAN?$CISNAN?$CJ@ 0000000140015040     libucrt:cvt.obj
 0002:00002050       ??_C@_09IPFBKMDL@nan?$CIsnan?$CJ@ 0000000140015050     libucrt:cvt.obj
 0002:00002060       ??_C@_08IKHNHAJ@NAN?$CIIND?$CJ@ 0000000140015060     libucrt:cvt.obj
 0002:00002070       ??_C@_08OFCDMILK@nan?$CIind?$CJ@ 0000000140015070     libucrt:cvt.obj
 0002:0000207c       ??_C@_05KLBDPFGC@e?$CL000@ 000000014001507c     libucrt:cvt.obj
 0002:00002090       __lc_time_c                0000000140015090     libucrt:nlsdata.obj
 0002:00002350       ??_C@_03KOEHGMDN@Sun@      0000000140015350     libucrt:nlsdata.obj
 0002:00002354       ??_C@_03PDAGKDH@Mon@       0000000140015354     libucrt:nlsdata.obj
 0002:00002358       ??_C@_03NAGEINEP@Tue@      0000000140015358     libucrt:nlsdata.obj
 0002:0000235c       ??_C@_03MHOMLAJA@Wed@      000000014001535c     libucrt:nlsdata.obj
 0002:00002360       ??_C@_03IOFIKPDN@Thu@      0000000140015360     libucrt:nlsdata.obj
 0002:00002364       ??_C@_03IDIOELNC@Fri@      0000000140015364     libucrt:nlsdata.obj
 0002:00002368       ??_C@_03FEFJNEK@Sat@       0000000140015368     libucrt:nlsdata.obj
 0002:0000236c       ??_C@_06OOPIFAJ@Sunday@    000000014001536c     libucrt:nlsdata.obj
 0002:00002374       ??_C@_06JLEDEDGH@Monday@   0000000140015374     libucrt:nlsdata.obj
 0002:00002380       ??_C@_07BAAGCFCM@Tuesday@  0000000140015380     libucrt:nlsdata.obj
 0002:00002388       ??_C@_09DLIGFAKA@Wednesday@ 0000000140015388     libucrt:nlsdata.obj
 0002:00002398       ??_C@_08HACCIKIA@Thursday@ 0000000140015398     libucrt:nlsdata.obj
 0002:000023a4       ??_C@_06JECMNKMI@Friday@   00000001400153a4     libucrt:nlsdata.obj
 0002:000023b0       ??_C@_08INBOOONO@Saturday@ 00000001400153b0     libucrt:nlsdata.obj
 0002:000023bc       ??_C@_03JIHJHPIE@Jan@      00000001400153bc     libucrt:nlsdata.obj
 0002:000023c0       ??_C@_03HJBDCHOM@Feb@      00000001400153c0     libucrt:nlsdata.obj
 0002:000023c4       ??_C@_03ODNJBKGA@Mar@      00000001400153c4     libucrt:nlsdata.obj
 0002:000023c8       ??_C@_03LEOLGMJP@Apr@      00000001400153c8     libucrt:nlsdata.obj
 0002:000023cc       ??_C@_03CNMDKL@May@        00000001400153cc     libucrt:nlsdata.obj
 0002:000023d0       ??_C@_03IDFGHECI@Jun@      00000001400153d0     libucrt:nlsdata.obj
 0002:000023d4       ??_C@_03LBGABGKK@Jul@      00000001400153d4     libucrt:nlsdata.obj
 0002:000023d8       ??_C@_03IFJFEIGA@Aug@      00000001400153d8     libucrt:nlsdata.obj
 0002:000023dc       ??_C@_03GGCAPAJC@Sep@      00000001400153dc     libucrt:nlsdata.obj
 0002:000023e0       ??_C@_03BMAOKBAD@Oct@      00000001400153e0     libucrt:nlsdata.obj
 0002:000023e4       ??_C@_03JPJOFNIA@Nov@      00000001400153e4     libucrt:nlsdata.obj
 0002:000023e8       ??_C@_03MKABNOCG@Dec@      00000001400153e8     libucrt:nlsdata.obj
 0002:000023f0       ??_C@_07CGJPFGJA@January@  00000001400153f0     libucrt:nlsdata.obj
 0002:000023f8       ??_C@_08GNJGEPFN@February@ 00000001400153f8     libucrt:nlsdata.obj
 0002:00002404       ??_C@_05HPCKOFNC@March@    0000000140015404     libucrt:nlsdata.obj
 0002:0000240c       ??_C@_05DMJDNLEJ@April@    000000014001540c     libucrt:nlsdata.obj
 0002:00002414       ??_C@_04CNLMGBGM@June@     0000000140015414     libucrt:nlsdata.obj
 0002:0000241c       ??_C@_04MIEPOIFP@July@     000000014001541c     libucrt:nlsdata.obj
 0002:00002424       ??_C@_06LBBHFDDG@August@   0000000140015424     libucrt:nlsdata.obj
 0002:00002430       ??_C@_09BHHEALKD@September@ 0000000140015430     libucrt:nlsdata.obj
 0002:00002440       ??_C@_07JJNFCEND@October@  0000000140015440     libucrt:nlsdata.obj
 0002:00002448       ??_C@_08HCHEGEOA@November@ 0000000140015448     libucrt:nlsdata.obj
 0002:00002458       ??_C@_08EDHMEBNP@December@ 0000000140015458     libucrt:nlsdata.obj
 0002:00002464       ??_C@_02DEDBPAFC@AM@       0000000140015464     libucrt:nlsdata.obj
 0002:00002468       ??_C@_02CJNFDJBF@PM@       0000000140015468     libucrt:nlsdata.obj
 0002:00002470       ??_C@_08BPBNCDIB@MM?1dd?1yy@ 0000000140015470     libucrt:nlsdata.obj
 0002:00002480       ??_C@_0BE@CKGJFCPC@dddd?0?5MMMM?5dd?0?5yyyy@ 0000000140015480     libucrt:nlsdata.obj
 0002:00002498       ??_C@_08JCCMCCIL@HH?3mm?3ss@ 0000000140015498     libucrt:nlsdata.obj
 0002:000024a8       ??_C@_17MBGCMIPB@?$AAS?$AAu?$AAn@ 00000001400154a8     libucrt:nlsdata.obj
 0002:000024b0       ??_C@_17KBOMKBF@?$AAM?$AAo?$AAn@ 00000001400154b0     libucrt:nlsdata.obj
 0002:000024b8       ??_C@_17BMKGEGOJ@?$AAT?$AAu?$AAe@ 00000001400154b8     libucrt:nlsdata.obj
 0002:000024c0       ??_C@_17CJEDCEPE@?$AAW?$AAe?$AAd@ 00000001400154c0     libucrt:nlsdata.obj
 0002:000024c8       ??_C@_17PDPHAADD@?$AAT?$AAh?$AAu@ 00000001400154c8     libucrt:nlsdata.obj
 0002:000024d0       ??_C@_17HFOLPPLP@?$AAF?$AAr?$AAi@ 00000001400154d0     libucrt:nlsdata.obj
 0002:000024d8       ??_C@_17GGIBDPIH@?$AAS?$AAa?$AAt@ 00000001400154d8     libucrt:nlsdata.obj
 0002:000024e0       ??_C@_1O@IHNHDHPB@?$AAS?$AAu?$AAn?$AAd?$AAa?$AAy@ 00000001400154e0     libucrt:nlsdata.obj
 0002:000024f0       ??_C@_1O@MMNBFLIA@?$AAM?$AAo?$AAn?$AAd?$AAa?$AAy@ 00000001400154f0     libucrt:nlsdata.obj
 0002:00002500       ??_C@_1BA@ENFBFFEK@?$AAT?$AAu?$AAe?$AAs?$AAd?$AAa?$AAy@ 0000000140015500     libucrt:nlsdata.obj
 0002:00002510       ??_C@_1BE@EBOGMDOH@?$AAW?$AAe?$AAd?$AAn?$AAe?$AAs?$AAd?$AAa?$AAy@ 0000000140015510     libucrt:nlsdata.obj
 0002:00002528       ??_C@_1BC@HHMNLIHE@?$AAT?$AAh?$AAu?$AAr?$AAs?$AAd?$AAa?$AAy@ 0000000140015528     libucrt:nlsdata.obj
 0002:00002540       ??_C@_1O@PDICJHAG@?$AAF?$AAr?$AAi?$AAd?$AAa?$AAy@ 0000000140015540     libucrt:nlsdata.obj
 0002:00002550       ??_C@_1BC@ENMNNPAJ@?$AAS?$AAa?$AAt?$AAu?$AAr?$AAd?$AAa?$AAy@ 0000000140015550     libucrt:nlsdata.obj
 0002:00002568       ??_C@_17DKNBKCHM@?$AAJ?$AAa?$AAn@ 0000000140015568     libucrt:nlsdata.obj
 0002:00002570       ??_C@_17LMDJEKJN@?$AAF?$AAe?$AAb@ 0000000140015570     libucrt:nlsdata.obj
 0002:00002578       ??_C@_17CKNLEDEC@?$AAM?$AAa?$AAr@ 0000000140015578     libucrt:nlsdata.obj
 0002:00002580       ??_C@_17LFPOIHDD@?$AAA?$AAp?$AAr@ 0000000140015580     libucrt:nlsdata.obj
 0002:00002588       ??_C@_17PNNKMEED@?$AAM?$AAa?$AAy@ 0000000140015588     libucrt:nlsdata.obj
 0002:00002590       ??_C@_17KCJGOCPB@?$AAJ?$AAu?$AAn@ 0000000140015590     libucrt:nlsdata.obj
 0002:00002598       ??_C@_17IJPCKHK@?$AAJ?$AAu?$AAl@ 0000000140015598     libucrt:nlsdata.obj
 0002:000025a0       ??_C@_17ICPELBCN@?$AAA?$AAu?$AAg@ 00000001400155a0     libucrt:nlsdata.obj
 0002:000025a8       ??_C@_17HCHCOKMG@?$AAS?$AAe?$AAp@ 00000001400155a8     libucrt:nlsdata.obj
 0002:000025b0       ??_C@_17FNLKOI@?$AAO?$AAc?$AAt@ 00000001400155b0     libucrt:nlsdata.obj
 0002:000025b8       ??_C@_17BBDMLCIG@?$AAN?$AAo?$AAv@ 00000001400155b8     libucrt:nlsdata.obj
 0002:000025c0       ??_C@_17EGKACKIF@?$AAD?$AAe?$AAc@ 00000001400155c0     libucrt:nlsdata.obj
 0002:000025c8       ??_C@_1BA@EFMEIEBA@?$AAJ?$AAa?$AAn?$AAu?$AAa?$AAr?$AAy@ 00000001400155c8     libucrt:nlsdata.obj
 0002:000025d8       ??_C@_1BC@JGDDFFAM@?$AAF?$AAe?$AAb?$AAr?$AAu?$AAa?$AAr?$AAy@ 00000001400155d8     libucrt:nlsdata.obj
 0002:000025f0       ??_C@_1M@IKEENEDF@?$AAM?$AAa?$AAr?$AAc?$AAh@ 00000001400155f0     libucrt:nlsdata.obj
 0002:00002600       ??_C@_1M@GJNLMHFD@?$AAA?$AAp?$AAr?$AAi?$AAl@ 0000000140015600     libucrt:nlsdata.obj
 0002:00002610       ??_C@_19EPFLPGAP@?$AAJ?$AAu?$AAn?$AAe@ 0000000140015610     libucrt:nlsdata.obj
 0002:00002620       ??_C@_19BIFMLPCD@?$AAJ?$AAu?$AAl?$AAy@ 0000000140015620     libucrt:nlsdata.obj
 0002:00002630       ??_C@_1O@PAHLKOAC@?$AAA?$AAu?$AAg?$AAu?$AAs?$AAt@ 0000000140015630     libucrt:nlsdata.obj
 0002:00002640       ??_C@_1BE@DKAAMBJL@?$AAS?$AAe?$AAp?$AAt?$AAe?$AAm?$AAb?$AAe?$AAr@ 0000000140015640     libucrt:nlsdata.obj
 0002:00002658       ??_C@_1BA@EPANDLNG@?$AAO?$AAc?$AAt?$AAo?$AAb?$AAe?$AAr@ 0000000140015658     libucrt:nlsdata.obj
 0002:00002668       ??_C@_1BC@BGLIFPF@?$AAN?$AAo?$AAv?$AAe?$AAm?$AAb?$AAe?$AAr@ 0000000140015668     libucrt:nlsdata.obj
 0002:00002680       ??_C@_1BC@FEMKIFH@?$AAD?$AAe?$AAc?$AAe?$AAm?$AAb?$AAe?$AAr@ 0000000140015680     libucrt:nlsdata.obj
 0002:00002694       ??_C@_15ODEHAHHF@?$AAA?$AAM@ 0000000140015694     libucrt:nlsdata.obj
 0002:0000269c       ??_C@_15CLMNNGEL@?$AAP?$AAM@ 000000014001569c     libucrt:nlsdata.obj
 0002:000026a8       ??_C@_1BC@IEBCMHCM@?$AAM?$AAM?$AA?1?$AAd?$AAd?$AA?1?$AAy?$AAy@ 00000001400156a8     libucrt:nlsdata.obj
 0002:000026c0       ??_C@_1CI@KNAKOEBC@?$AAd?$AAd?$AAd?$AAd?$AA?0?$AA?5?$AAM?$AAM?$AAM?$AAM?$AA?5?$AAd?$AAd?$AA?0?$AA?5@ 00000001400156c0     libucrt:nlsdata.obj
 0002:000026e8       ??_C@_1BC@GDGBMEMK@?$AAH?$AAH?$AA?3?$AAm?$AAm?$AA?3?$AAs?$AAs@ 00000001400156e8     libucrt:nlsdata.obj
 0002:00002700       ??_C@_1M@BMHNFIME@?$AAe?$AAn?$AA?9?$AAU?$AAS@ 0000000140015700     libucrt:nlsdata.obj
 0002:00002730       ??_C@_1M@HPNHIDJI@?$AAj?$AAa?$AA?9?$AAJ?$AAP@ 0000000140015730     libucrt:mbctype.obj
 0002:00002740       ??_C@_1M@BIBDDEMK@?$AAz?$AAh?$AA?9?$AAC?$AAN@ 0000000140015740     libucrt:mbctype.obj
 0002:00002750       ??_C@_1M@JLOOOEGK@?$AAk?$AAo?$AA?9?$AAK?$AAR@ 0000000140015750     libucrt:mbctype.obj
 0002:00002760       ??_C@_1M@CLNBBOPM@?$AAz?$AAh?$AA?9?$AAT?$AAW@ 0000000140015760     libucrt:mbctype.obj
 0002:00002770       __newctype                 0000000140015770     libucrt:ctype.obj
 0002:00002a70       __newclmap                 0000000140015a70     libucrt:ctype.obj
 0002:00002bf0       __newcumap                 0000000140015bf0     libucrt:ctype.obj
 0002:00002d70       ??_C@_15PJPFLCCM@?$AAu?$AAk@ 0000000140015d70     libucrt:get_qualified_locale.obj
 0002:00003bc0       ??_C@_15EMKDOKLE@?$AAa?$AAr@ 0000000140016bc0     libucrt:lcidtoname_downlevel.obj
 0002:00003bc8       ??_C@_15KNPADPLH@?$AAb?$AAg@ 0000000140016bc8     libucrt:lcidtoname_downlevel.obj
 0002:00003bd0       ??_C@_15EDMHLDMO@?$AAc?$AAa@ 0000000140016bd0     libucrt:lcidtoname_downlevel.obj
 0002:00003bd8       ??_C@_1O@BPEAJADD@?$AAz?$AAh?$AA?9?$AAC?$AAH?$AAS@ 0000000140016bd8     libucrt:lcidtoname_downlevel.obj
 0002:00003be8       ??_C@_15LJNHCMNK@?$AAc?$AAs@ 0000000140016be8     libucrt:lcidtoname_downlevel.obj
 0002:00003bf0       ??_C@_15FOMCIDHG@?$AAd?$AAa@ 0000000140016bf0     libucrt:lcidtoname_downlevel.obj
 0002:00003bf8       ??_C@_15NBKABECB@?$AAd?$AAe@ 0000000140016bf8     libucrt:lcidtoname_downlevel.obj
 0002:00003c00       ??_C@_15GHPEIIAO@?$AAe?$AAl@ 0000000140016c00     libucrt:lcidtoname_downlevel.obj
 0002:00003c08       ??_C@_15MNPNEAIF@?$AAe?$AAn@ 0000000140016c08     libucrt:lcidtoname_downlevel.obj
 0002:00003c10       ??_C@_15GPIOMPMH@?$AAe?$AAs@ 0000000140016c10     libucrt:lcidtoname_downlevel.obj
 0002:00003c18       ??_C@_15NGLOAKJC@?$AAf?$AAi@ 0000000140016c18     libucrt:lcidtoname_downlevel.obj
 0002:00003c20       ??_C@_15FBKGNKAM@?$AAf?$AAr@ 0000000140016c20     libucrt:lcidtoname_downlevel.obj
 0002:00003c28       ??_C@_15KGGCNEFK@?$AAh?$AAe@ 0000000140016c28     libucrt:lcidtoname_downlevel.obj
 0002:00003c30       ??_C@_15PGHLIDMF@?$AAh?$AAu@ 0000000140016c30     libucrt:lcidtoname_downlevel.obj
 0002:00003c38       ??_C@_15BIEMAPLM@?$AAi?$AAs@ 0000000140016c38     libucrt:lcidtoname_downlevel.obj
 0002:00003c40       ??_C@_15IFJLDHAF@?$AAi?$AAt@ 0000000140016c40     libucrt:lcidtoname_downlevel.obj
 0002:00003c48       ??_C@_15GEMIOCAG@?$AAj?$AAa@ 0000000140016c48     libucrt:lcidtoname_downlevel.obj
 0002:00003c50       ??_C@_15EPELEGJA@?$AAk?$AAo@ 0000000140016c50     libucrt:lcidtoname_downlevel.obj
 0002:00003c58       ??_C@_15NDDHIMN@?$AAn?$AAl@ 0000000140016c58     libucrt:lcidtoname_downlevel.obj
 0002:00003c60       ??_C@_15BPIGNHCD@?$AAn?$AAo@ 0000000140016c60     libucrt:lcidtoname_downlevel.obj
 0002:00003c68       ??_C@_15DEOPBLCG@?$AAp?$AAl@ 0000000140016c68     libucrt:lcidtoname_downlevel.obj
 0002:00003c70       ??_C@_15KBECGEFG@?$AAp?$AAt@ 0000000140016c70     libucrt:lcidtoname_downlevel.obj
 0002:00003c78       ??_C@_15GLJCBFMD@?$AAr?$AAo@ 0000000140016c78     libucrt:lcidtoname_downlevel.obj
 0002:00003c80       ??_C@_15FEDGKCDI@?$AAr?$AAu@ 0000000140016c80     libucrt:lcidtoname_downlevel.obj
 0002:00003c88       ??_C@_15GLKMLLHM@?$AAh?$AAr@ 0000000140016c88     libucrt:lcidtoname_downlevel.obj
 0002:00003c90       ??_C@_15CPKMFBDB@?$AAs?$AAk@ 0000000140016c90     libucrt:lcidtoname_downlevel.obj
 0002:00003c98       ??_C@_15BAAIOGMK@?$AAs?$AAq@ 0000000140016c98     libucrt:lcidtoname_downlevel.obj
 0002:00003ca0       ??_C@_15INNPNOHD@?$AAs?$AAv@ 0000000140016ca0     libucrt:lcidtoname_downlevel.obj
 0002:00003ca8       ??_C@_15CABMMOGH@?$AAt?$AAh@ 0000000140016ca8     libucrt:lcidtoname_downlevel.obj
 0002:00003cb0       ??_C@_15BPLIHJJM@?$AAt?$AAr@ 0000000140016cb0     libucrt:lcidtoname_downlevel.obj
 0002:00003cb8       ??_C@_15NEOEKKDJ@?$AAu?$AAr@ 0000000140016cb8     libucrt:lcidtoname_downlevel.obj
 0002:00003cc0       ??_C@_15NFICGAJK@?$AAi?$AAd@ 0000000140016cc0     libucrt:lcidtoname_downlevel.obj
 0002:00003cc8       ??_C@_15HPJPHDM@?$AAb?$AAe@ 0000000140016cc8     libucrt:lcidtoname_downlevel.obj
 0002:00003cd0       ??_C@_15LCHLGJII@?$AAs?$AAl@ 0000000140016cd0     libucrt:lcidtoname_downlevel.obj
 0002:00003cd8       ??_C@_15PCFJPHHO@?$AAe?$AAt@ 0000000140016cd8     libucrt:lcidtoname_downlevel.obj
 0002:00003ce0       ??_C@_15HPFPGODN@?$AAl?$AAv@ 0000000140016ce0     libucrt:lcidtoname_downlevel.obj
 0002:00003ce8       ??_C@_15NFFGKGLG@?$AAl?$AAt@ 0000000140016ce8     libucrt:lcidtoname_downlevel.obj
 0002:00003cf0       ??_C@_15BDAKCCHN@?$AAf?$AAa@ 0000000140016cf0     libucrt:lcidtoname_downlevel.obj
[...]
 0002:000090d8       $unwind$?destroy_ptd_array@@YAXQEAU__acrt_ptd@@@Z 000000014001c0d8     libucrt:per_thread_data.obj
 0002:000090e0       $unwind$??$?RV<lambda_0ae27a3a962d80f24befdcbee591983d>@@AEAV<lambda_8d0ee55de4b1038c4002e0adecdf1839>@@V<lambda_dc504788e8f1664fe9b84e20bfb512f2>@@@?$__crt_seh_guarded_call@X@@QEAAX$$QEAV<lambda_0ae27a3a962d80f24befdcbee591983d>@@AEAV<lambda_8d0ee55de4b1038c4002e0adecdf1839>@@$$QEAV<lambda_dc504788e8f1664fe9b84e20bfb512f2>@@@Z 000000014001c0e0     libucrt:per_thread_data.obj
 0002:00009104       $unwind$??$?RV<lambda_aa87e3671a710a21b5dc78c0bdf72e11>@@AEAV<lambda_92619d2358a28f41a33ba319515a20b9>@@V<lambda_6992ecaafeb10aed2b74cb1fae11a551>@@@?$__crt_seh_guarded_call@X@@QEAAX$$QEAV<lambda_aa87e3671a710a21b5dc78c0bdf72e11>@@AEAV<lambda_92619d2358a28f41a33ba319515a20b9>@@$$QEAV<lambda_6992ecaafeb10aed2b74cb1fae11a551>@@@Z 000000014001c104     libucrt:per_thread_data.obj
 0002:00009128       $unwind$??$?RV<lambda_f2e299630e499de9f9a165e60fcd3db5>@@AEAV<lambda_2ae9d31cdba2644fcbeaf08da7c24588>@@V<lambda_40d01ff24d0e7b3814fdbdcee8eab3c7>@@@?$__crt_seh_guarded_call@X@@QEAAX$$QEAV<lambda_f2e299630e499de9f9a165e60fcd3db5>@@AEAV<lambda_2ae9d31cdba2644fcbeaf08da7c24588>@@$$QEAV<lambda_40d01ff24d0e7b3814fdbdcee8eab3c7>@@@Z 000000014001c128     libucrt:per_thread_data.obj
 0002:0000914c       $unwind$??$?RV<lambda_2d41944a1d46af3157314b8a01080d33>@@AEAV<lambda_8f455de75cd7d7f24b4096f044d8b9e6>@@V<lambda_aa500f224e6afead328df44964fe2772>@@@?$__crt_seh_guarded_call@X@@QEAAX$$QEAV<lambda_2d41944a1d46af3157314b8a01080d33>@@AEAV<lambda_8f455de75cd7d7f24b4096f044d8b9e6>@@$$QEAV<lambda_aa500f224e6afead328df44964fe2772>@@@Z 000000014001c14c     libucrt:per_thread_data.obj
 0002:00009170       $unwind$__acrt_fp_format   000000014001c170     libucrt:cvt.obj
 0002:00009188       $unwind$?fp_format_e_internal@@YAHQEAD_KH_NIQEAU_strflt@@2QEAU__crt_locale_pointers@@@Z 000000014001c188     libucrt:cvt.obj
 0002:000091a0       $unwind$?fp_format_a@@YAHQEBNPEAD_KQEAD2H_NIQEAU__crt_locale_pointers@@W4__acrt_rounding_mode@@@Z 000000014001c1a0     libucrt:cvt.obj
 0002:000091bc       $unwind$__dcrt_get_narrow_environment_from_os 000000014001c1bc     libucrt:get_environment_from_os.obj
 0002:000091bc       $unwind$?fp_format_f_internal@@YAHQEAD_KHQEAU_strflt@@_NQEAU__crt_locale_pointers@@@Z 000000014001c1bc     libucrt:cvt.obj
 0002:000091bc       $unwind$??$__acrt_wcs_to_mbs_cp@U__crt_win32_buffer_internal_dynamic_resizing@@@@YAHQEB_WAEAV?$__crt_win32_buffer@DU__crt_win32_buffer_internal_dynamic_resizing@@@@I@Z 000000014001c1bc     libucrt:argv_wildcards.obj
 0002:000091d4       $unwind$?fp_format_g@@YAHQEBNQEAD_K12H_NIW4__acrt_rounding_mode@@QEAU__crt_locale_pointers@@@Z 000000014001c1d4     libucrt:cvt.obj
 0002:000091e8       $unwind$__acrt_stdio_end_temporary_buffering_nolock 000000014001c1e8     libucrt:_sftbuf.obj
 0002:000091f0       $unwind$??$__acrt_mbs_to_wcs_cp@U__crt_win32_buffer_internal_dynamic_resizing@@@@YAHQEBDAEAV?$__crt_win32_buffer@_WU__crt_win32_buffer_internal_dynamic_resizing@@@@I@Z 000000014001c1f0     libucrt:argv_wildcards.obj
 0002:00009208       $unwind$??$common_expand_argv_wildcards@D@@YAHQEAPEADQEAPEAPEAD@Z 000000014001c208     libucrt:argv_wildcards.obj
 0002:00009220       $unwind$??$copy_and_add_argument_to_buffer@D@@YAHQEBD0_KAEAV?$argument_list@D@?A0x5f5c8891@@@Z 000000014001c220     libucrt:argv_wildcards.obj
 0002:0000923c       $unwind$??$expand_argument_wildcards@D@@YAHQEAD0AEAV?$argument_list@D@?A0x5f5c8891@@@Z 000000014001c23c     libucrt:argv_wildcards.obj
 0002:00009260       $unwind$__acrt_GetModuleFileNameA 000000014001c260     libucrt:getmodulefilenamea.obj
 0002:0000927c       $unwind$__dcrt_write_console 000000014001c27c     libucrt:initcon.obj
 0002:0000927c       $unwind$??$__acrt_wcs_to_mbs_cp@U__crt_win32_buffer_no_resizing@@@@YAHQEB_WAEAV?$__crt_win32_buffer@DU__crt_win32_buffer_no_resizing@@@@I@Z 000000014001c27c     libucrt:getmodulefilenamea.obj
 0002:00009290       $unwind$_setmbcp_nolock    000000014001c290     libucrt:mbctype.obj
 0002:000092b0       $unwind$__dcrt_lowio_ensure_console_output_initialized 000000014001c2b0     libucrt:initcon.obj
 0002:000092b0       $unwind$_isleadbyte_l      000000014001c2b0     libucrt:_wctype.obj
 0002:000092b0       $unwind$?getSystemCP@@YAHH@Z 000000014001c2b0     libucrt:mbctype.obj
 0002:000092b8       $unwind$?update_thread_multibyte_data_internal@@YAPEAU__crt_multibyte_data@@QEAU__acrt_ptd@@QEAPEAU1@@Z 000000014001c2b8     libucrt:mbctype.obj
 0002:000092e0       $unwind$?setmbcp_internal@@YAHH_NQEAU__acrt_ptd@@QEAPEAU__crt_multibyte_data@@@Z 000000014001c2e0     libucrt:mbctype.obj
 0002:000092f0       $unwind$?setSBUpLow@@YAXPEAU__crt_multibyte_data@@@Z 000000014001c2f0     libucrt:mbctype.obj
 0002:0000930c       $unwind$??$?RV<lambda_efdfa57d1f175319df784efa44bb7b81>@@AEAV<lambda_5f0a4c1567f8adc6734073e5d1e1b35c>@@V<lambda_2e8a7d3640ea6ccb4c2413664c2db6fd>@@@?$__crt_seh_guarded_call@X@@QEAAX$$QEAV<lambda_efdfa57d1f175319df784efa44bb7b81>@@AEAV<lambda_5f0a4c1567f8adc6734073e5d1e1b35c>@@$$QEAV<lambda_2e8a7d3640ea6ccb4c2413664c2db6fd>@@@Z 000000014001c30c     libucrt:mbctype.obj
 0002:00009330       $unwind$__acrt_WideCharToMultiByte 000000014001c330     libucrt:widechartomultibyte.obj
 0002:0000933c       $unwind$??$common_set_variable_in_environment_nolock@D@@YAHQEADH@Z 000000014001c33c     libucrt:setenv.obj
 0002:00009354       $unwind$??$copy_environment@D@@YAPEAPEADQEAPEAD@Z 000000014001c354     libucrt:setenv.obj
 0002:00009368       $unwind$_free_osfhnd       000000014001c368     libucrt:osfinfo.obj
 0002:0000937c       $unwind$__acrt_lowio_destroy_handle_array 000000014001c37c     libucrt:osfinfo.obj
 0002:0000938c       $unwind$__acrt_lowio_ensure_fh_exists 000000014001c38c     libucrt:osfinfo.obj
 0002:000093b8       $unwind$__acrt_locale_free_monetary 000000014001c3b8     libucrt:initmon.obj
 0002:000093c0       $unwind$__acrt_locale_free_time 000000014001c3c0     libucrt:inittime.obj
 0002:000093d0       $unwind$__acrt_GetStringTypeA 000000014001c3d0     libucrt:getstringtypea.obj
 0002:000093f8       $unwind$__acrt_update_thread_locale_data 000000014001c3f8     libucrt:locale_refcounting.obj
 0002:0000941c       $unwind$_query_new_handler 000000014001c41c     libucrt:new_handler.obj
 0002:0000943c       $unwind$raise              000000014001c43c     libucrt:signal.obj
 0002:00009478       $unwind$??$?RV<lambda_450d765d439847d4c735a33c368b5fc0>@@AEAV<lambda_44731a7d0e6d81c3e6aa82d741081786>@@V<lambda_601a2a7da3b7a96e9554ac7215c4b07c>@@@?$__crt_seh_guarded_call@P6AXH@Z@@QEAAP6AXH@Z$$QEAV<lambda_450d765d439847d4c735a33c368b5fc0>@@AEAV<lambda_44731a7d0e6d81c3e6aa82d741081786>@@$$QEAV<lambda_601a2a7da3b7a96e9554ac7215c4b07c>@@@Z 000000014001c478     libucrt:signal.obj
 0002:0000949c       $unwind$_isctype_l         000000014001c49c     libucrt:isctype.obj
 0002:000094b8       $unwind$fclose             000000014001c4b8     libucrt:fclose.obj
 0002:000094dc       $unwind$_close             000000014001c4dc     libucrt:close.obj
 0002:000094dc       $unwind$_commit            000000014001c4dc     libucrt:commit.obj
 0002:000094e4       $unwind$??$?RV<lambda_a37b2b86f63e897a80ea819b0eb08c01>@@AEAV<lambda_38ce7e780aa69e748d6df282ebc68efe>@@V<lambda_99fb1378e971ab6e7edea83e3a7a83a2>@@@?$__crt_seh_guarded_call@H@@QEAAH$$QEAV<lambda_a37b2b86f63e897a80ea819b0eb08c01>@@AEAV<lambda_38ce7e780aa69e748d6df282ebc68efe>@@$$QEAV<lambda_99fb1378e971ab6e7edea83e3a7a83a2>@@@Z 000000014001c4e4     libucrt:commit.obj
 0002:00009508       $unwind$_write             000000014001c508     libucrt:write.obj
 0002:00009538       $unwind$_write_nolock      000000014001c538     libucrt:write.obj
 0002:00009550       $unwind$?write_double_translated_ansi_nolock@@YA?AUwrite_result@?A0x17268360@@HQEBDI@Z 000000014001c550     libucrt:write.obj
 0002:00009574       $unwind$?write_text_ansi_nolock@@YA?AUwrite_result@?A0x17268360@@HQEBDI@Z 000000014001c574     libucrt:write.obj
 0002:00009574       $unwind$?write_text_utf16le_nolock@@YA?AUwrite_result@?A0x17268360@@HQEBDI@Z 000000014001c574     libucrt:write.obj
 0002:00009594       $unwind$?write_text_utf8_nolock@@YA?AUwrite_result@?A0x17268360@@HQEBDI@Z 000000014001c594     libucrt:write.obj
 0002:000095b8       $unwind$?__mbsrtowcs_utf8@__crt_mbstring@@YA_KPEA_WPEAPEBD_KPEAU_Mbstatet@@@Z 000000014001c5b8     libucrt:mbrtowc.obj
 0002:000095d0       $unwind$__acrt_fltout      000000014001c5d0     libucrt:cfout.obj
 0002:000095f0       $unwind$?divide@__crt_strtox@@YA_KAEAUbig_integer@1@AEBU21@@Z 000000014001c5f0     libucrt:cfout.obj
 0002:00009608       $chain$0$?divide@__crt_strtox@@YA_KAEAUbig_integer@1@AEBU21@@Z 000000014001c608     libucrt:cfout.obj
 0002:0000961c       $chain$1$?divide@__crt_strtox@@YA_KAEAUbig_integer@1@AEBU21@@Z 000000014001c61c     libucrt:cfout.obj
 0002:0000962c       $unwind$??$write_buffer_nolock@D@@YA_NDV__crt_stdio_stream@@@Z 000000014001c62c     libucrt:_flsbuf.obj
 0002:0000963c       $unwind$qsort              000000014001c63c     libucrt:qsort.obj
 0002:00009654       $chain$4$qsort             000000014001c654     libucrt:qsort.obj
 0002:00009678       $chain$5$qsort             000000014001c678     libucrt:qsort.obj
 0002:00009688       $unwind$strpbrk            000000014001c688     libucrt:strpbrk.obj
 0002:00009698       $unwind$fallbackMethod     000000014001c698     libucrt:strpbrk.obj
 0002:000096a8       $unwind$_mbsdec_l          000000014001c6a8     libucrt:mbsdec.obj
 0002:000096b4       $unwind$__acrt_LCMapStringA 000000014001c6b4     libucrt:lcmapstringa.obj
 0002:000096c4       $unwind$?__acrt_LCMapStringA_stat@@YAHPEAU__crt_locale_pointers@@PEB_WKPEBDHPEADHHH@Z 000000014001c6c4     libucrt:lcmapstringa.obj
 0002:000096ec       $unwind$_strnicoll_l       000000014001c6ec     libucrt:strnicol.obj
 0002:00009700       $unwind$__acrt_SetEnvironmentVariableA 000000014001c700     libucrt:setenvironmentvariablea.obj
 0002:0000971c       $unwind$??$?RV<lambda_751a882b2c74d4b022dec766aa51a29a>@@AEAV<lambda_628dfdc04ba53c8bfc02c9951375f3f5>@@V<lambda_f6c7be5f7998530c34de24c7437d6b54>@@@?$__crt_seh_guarded_call@H@@QEAAH$$QEAV<lambda_751a882b2c74d4b022dec766aa51a29a>@@AEAV<lambda_628dfdc04ba53c8bfc02c9951375f3f5>@@$$QEAV<lambda_f6c7be5f7998530c34de24c7437d6b54>@@@Z 000000014001c71c     libucrt:close.obj
 0002:00009740       $unwind$??$common_lseek@_J@@YA_JH_JH@Z 000000014001c740     libucrt:lseek.obj
 0002:00009770       $unwind$_putwch_nolock     000000014001c770     libucrt:putwch.obj
 0002:00009778       $unwind$?__mbrtoc32_utf8@__crt_mbstring@@YA_KPEA_UPEBD_KPEAU_Mbstatet@@@Z 000000014001c778     libucrt:mbrtoc32.obj
 0002:00009798       $xdatasym                  000000014001c798     libucrt:log10.obj
 0002:000097a4       $unwind$__acrt_fenv_set_control 000000014001c7a4     libucrt:_fenvutils.obj
 0002:000097b4       $unwind$__acrt_CompareStringA 000000014001c7b4     libucrt:comparestringa.obj
 0002:000097c4       $unwind$?InternalCompareStringA@@YAHPEAU__crt_locale_pointers@@PEB_WKPEBDH2HH@Z 000000014001c7c4     libucrt:comparestringa.obj
 0002:000097e8       $unwind$common_control87   000000014001c7e8     libucrt:ieee.obj
 0002:00009814       $unwind$_call_matherr      000000014001c814     libucrt:libm_error.obj
 0002:0000981c       $unwind$_handle_error      000000014001c81c     libucrt:libm_error.obj
 0002:0000983c       $unwind$__acrt_initialize_fma3 000000014001c83c     libucrt:fma3_available.obj
 0002:00009844       $unwind$_log_special_common 000000014001c844     libucrt:log_special.obj
 0002:00009850       $xdatasym                  000000014001c850     libucrt:fpsr.obj
 0002:00009858       $unwind$_raise_exc         000000014001c858     libucrt:fpexcept.obj
 0002:00009860       $unwind$_raise_exc_ex      000000014001c860     libucrt:fpexcept.obj
 0002:00009874       $unwind$_ctrlfp            000000014001c874     libucrt:fpctrl.obj
 0002:0000989c       $unwind$_IsNonwritableInCurrentImage 000000014001c89c     LIBCMT:pesect.obj
 0002:000098c0       $xdatasym                  000000014001c8c0     LIBCMT:chkstk.obj
 0002:000098c8       $xdatasym                  000000014001c8c8     libvcruntime:memcmp.obj
 0002:00009d06       .idata$6                   000000014001cd06     kernel32:KERNEL32.dll
 0003:00000000       $SG99486                   000000014001e000     main.obj
 0003:00000010       $SG99488                   000000014001e010     main.obj
 0003:0000001c       $SG99507                   000000014001e01c     main.obj
 0003:00000028       $SG99490                   000000014001e028     main.obj
 0003:00000038       $SG99492                   000000014001e038     main.obj
 0003:00000048       $SG99494                   000000014001e048     main.obj
 0003:00000058       $SG99495                   000000014001e058     main.obj
 0003:00000060       $SG99498                   000000014001e060     main.obj
 0003:00000068       $SG99500                   000000014001e068     main.obj
 0003:00000070       $SG99502                   000000014001e070     main.obj
 0003:00000078       $SG99504                   000000014001e078     main.obj
 0003:00000080       $SG99506                   000000014001e080     main.obj
 0003:00000088       $SG99451                   000000014001e088     make_selection.obj
 0003:00000098       $SG99454                   000000014001e098     make_selection.obj
 0003:000000a8       $SG99455                   000000014001e0a8     make_selection.obj
 0003:000000b0       $SG99456                   000000014001e0b0     make_selection.obj
 0003:000000d8       $SG99461                   000000014001e0d8     make_selection.obj
 0003:000000e0       $SG99466                   000000014001e0e0     make_selection.obj
 0003:000000e8       $SG99467                   000000014001e0e8     make_selection.obj
 0003:000000f0       $SG99485                   000000014001e0f0     make_selection.obj
 0003:00000108       $SG99489                   000000014001e108     make_selection.obj
 0003:00000110       $SG99496                   000000014001e110     make_selection.obj
 0003:00000150       ?__vcrt_flsindex@@3KA      000000014001e150     libvcruntime:per_thread_data.obj
 0003:00000270       ?errno_no_memory@@3HA      000000014001e270     libucrt:errno.obj
 0003:00000274       ?doserrno_no_memory@@3KA   000000014001e274     libucrt:errno.obj
 0003:000002c8       ?__acrt_flsindex@@3KA      000000014001e2c8     libucrt:per_thread_data.obj
 0003:00000670       _mbctypes                  000000014001e670     libucrt:mbctype.obj
 0003:00000780       _mbcasemaps                000000014001e780     libucrt:mbctype.obj
 0003:00000880       ?__rgctypeflag@@3PADA      000000014001e880     libucrt:mbctype.obj
 0003:00000890       ?__rgcode_page_info@@3PAUcode_page_info@@A 000000014001e890     libucrt:mbctype.obj
 0003:00000b30       ?__dcrt_lowio_console_output_handle@@3PEAXEA 000000014001eb30     libucrt:initcon.obj
 0003:00000b38       ?dazSupported@?1??common_control87@@9@9 000000014001eb38     libucrt:ieee.obj
 0003:00000b40       ?dazSupported@?1??_ctrlfp@@9@9 000000014001eb40     libucrt:fpctrl.obj
 0003:00000b50       stdin_handle               000000014001eb50     make_selection.obj
 0003:00000b58       initialized                000000014001eb58     make_selection.obj
 0003:00000b60       GS_ExceptionRecord         000000014001eb60     LIBCMT:gs_report.obj
 0003:00000c00       GS_ContextRecord           000000014001ec00     LIBCMT:gs_report.obj
 0003:000010e0       ?is_initialized_as_dll@@3_NA 000000014001f0e0     LIBCMT:utility.obj
 0003:000010e1       ?module_local_atexit_table_initialized@@3_NA 000000014001f0e1     LIBCMT:utility.obj
 0003:000010e8       ?module_local_atexit_table@@3U_onexit_table_t@@A 000000014001f0e8     LIBCMT:utility.obj
 0003:00001100       ?module_local_at_quick_exit_table@@3U_onexit_table_t@@A 000000014001f100     LIBCMT:utility.obj
 0003:00001150       ?__vcrt_startup_thread_ptd@@3U__vcrt_ptd@@A 000000014001f150     libvcruntime:per_thread_data.obj
 0003:000011d0       __vcrt_lock_table          000000014001f1d0     libvcruntime:locks.obj
 0003:000011f8       __vcrt_locks_initialized   000000014001f1f8     libvcruntime:locks.obj
 0003:00001240       ?heap@@3V_HeapManager@@A   000000014001f240     libvcruntime:undname.obj
 0003:00001268       ?module_handles@@3PAPEAUHINSTANCE__@@A 000000014001f268     libvcruntime:winapi_downlevel.obj
 0003:00001280       ?function_pointers@@3PAPEAXA 000000014001f280     libvcruntime:winapi_downlevel.obj
 0003:000012c4       ?__acrt_app_type@@3W4_crt_app_type@@A 000000014001f2c4     libucrt:report_runtime_error.obj
 0003:000012c8       ?user_matherr@@3V?$dual_state_global@P6AHPEAU_exception@@@Z@__crt_state_management@@A 000000014001f2c8     libucrt:matherr.obj
 0003:000012d0       ?program_name@?1???$common_configure_argv@D@@YAHW4_crt_argv_mode@@@Z@4PADA 000000014001f2d0     libucrt:argv_parsing.obj
 0003:000013f8       ?c_termination_complete@@3JA 000000014001f3f8     libucrt:exit.obj
 0003:00001400       ?thread_local_exit_callback_func@@3P6AXPEAXK0@ZEA 000000014001f400     libucrt:exit.obj
 0003:00001444       ?__acrt_global_new_mode@@3V?$dual_state_global@J@__crt_state_management@@A 000000014001f444     libucrt:new_mode.obj
 0003:00001480       ?__acrt_invalid_parameter_handler@@3V?$dual_state_global@P6AXPEB_W00I_K@Z@__crt_state_management@@A 000000014001f480     libucrt:invalid_parameter.obj
 0003:00001490       ?module_handles@@3PAPEAUHINSTANCE__@@A 000000014001f490     libucrt:winapi_thunks.obj
 0003:00001530       ?encoded_function_pointers@@3PAPEAXA 000000014001f530     libucrt:winapi_thunks.obj
 0003:00001a48       ?internal_state@?1??_mbtowc_l@@9@4U_Mbstatet@@A 000000014001fa48     libucrt:mbtowc.obj
 0003:00001a50       ?enable_percent_n@@3_KA    000000014001fa50     libucrt:printf_count_output.obj
 0003:00001a88       ?fSystemSet@@3HA           000000014001fa88     libucrt:mbctype.obj
 0003:00001a8c       ?initialized@?1??__acrt_initialize_multibyte@@9@4_NA 000000014001fa8c     libucrt:mbctype.obj
 0003:00001a90       ?__acrt_lock_table@@3PAU_RTL_CRITICAL_SECTION@@A 000000014001fa90     libucrt:locks.obj
 0003:00001cc0       ?__acrt_locks_initialized@@3IA 000000014001fcc0     libucrt:locks.obj
 0003:00001cd8       ?__acrt_new_handler@@3V?$dual_state_global@P6AH_K@Z@__crt_state_management@@A 000000014001fcd8     libucrt:new_handler.obj
 0003:00001ce0       ?ctrlc_action@@3V?$dual_state_global@P6AXH@Z@__crt_state_management@@A 000000014001fce0     libucrt:signal.obj
 0003:00001ce8       ?ctrlbreak_action@@3V?$dual_state_global@P6AXH@Z@__crt_state_management@@A 000000014001fce8     libucrt:signal.obj
 0003:00001cf0       ?abort_action@@3V?$dual_state_global@P6AXH@Z@__crt_state_management@@A 000000014001fcf0     libucrt:signal.obj
 0003:00001cf8       ?term_action@@3V?$dual_state_global@P6AXH@Z@__crt_state_management@@A 000000014001fcf8     libucrt:signal.obj
 0003:00001d00       ?internal_pst@?1??__mbrtoc32_utf8@__crt_mbstring@@YA_KPEA_UPEBD_KPEAU_Mbstatet@@@Z@4U3@A 000000014001fd00     libucrt:mbrtoc32.obj
 0005:00000000       SetSmall                   0000000140022000     libvcruntime:memset.obj
 0005:00000040       SetSmallYmm                0000000140022040     libvcruntime:memset.obj
 0005:00000064       SetSmallYmmNT              0000000140022064     libvcruntime:memset.obj
 0005:00000088       SetSmallXmm                0000000140022088     libvcruntime:memset.obj
 0005:000000b0       MoveSmall                  00000001400220b0     libvcruntime:memcpy.obj
 0005:000000f0       MoveSmallYmm               00000001400220f0     libvcruntime:memcpy.obj
 0005:00000114       MoveSmallYmmNT             0000000140022114     libvcruntime:memcpy.obj
 0005:00000138       MoveSmallXmm               0000000140022138     libvcruntime:memcpy.obj
